============================================================
ANALYZING ALL COUNTRIES FOR 0,0 COORDINATES
============================================================

Total attractions with 0,0 coordinates: 722

Breakdown by country:
  Hungary: 258 attractions
  Switzerland: 328 attractions
  Turkey: 136 attractions

============================================================
FIXING 0,0 COORDINATES
============================================================

Processing: MersinAttractions.swift
  Geocoding: Maiden's Castle, Mersin, Turkey...
    ✓ Fixed: (36.456807, 34.1481163)
  Geocoding: Cennet-Cehennem Potholes, Mersin, Turkey...
    ✓ Fixed: (36.4519372, 34.1063358)
  Geocoding: Adamkayalar, Mersin, Turkey...
    ✓ Fixed: (36.4785828, 34.1321454)
  Geocoding: Kanlidivane, Mersin, Turkey...
    ✓ Fixed: (36.525061, 34.180699)
  Geocoding: Mamure Castle, Mersin, Turkey...
    ✓ Fixed: (36.0811976, 32.8945938)
  Geocoding: St. Paul's Well, Mersin, Turkey...
    ✓ Fixed: (36.9191476, 34.8936021)
  Geocoding: Tarsus Waterfall, Mersin, Turkey...
    ✓ Fixed: (36.9333114, 34.8984718)
  Geocoding: Cleopatra's Gate, Mersin, Turkey...
    ✓ Fixed: (36.9130459, 34.891983)
  Geocoding: Mersin Naval Museum, Mersin, Turkey...
    ✓ Fixed: (36.7812103, 34.6000322)
  Geocoding: Ataturk House Museum, Mersin, Turkey...
    ✓ Fixed: (36.7949948, 34.6266636)
  Geocoding: Soli Pompeipolis, Mersin, Turkey...
    ✓ Fixed: (36.743059, 34.5393845)
  Geocoding: Yerkopru Waterfall, Mersin, Turkey...
    ✓ Fixed: (36.5355302, 33.2311706)
  Geocoding: Seven Sleepers Cave, Mersin, Turkey...
    ✓ Fixed: (36.95787, 34.796808)
  Saved 13 fixes to MersinAttractions.swift

Processing: AgriAttractions.swift
  Geocoding: Mount Ararat, Agri, Turkey...
    ✓ Fixed: (39.70243929999999, 44.2990761)
  Geocoding: Ishak Pasha Palace, Agri, Turkey...
    ✓ Fixed: (39.5203516, 44.1292018)
  Geocoding: Meteor Crater, Agri, Turkey...
    ✓ Fixed: (39.719074, 43.050591)
  Geocoding: Noah's Ark National Park, Agri, Turkey...
    ✓ Fixed: (39.44080470000001, 44.2346665)
  Geocoding: Dogubayazit Castle, Agri, Turkey...
    ✓ Fixed: (39.5411701, 44.02295489999999)
  Geocoding: Ahmed-i Hani Tomb, Agri, Turkey...
    ✓ Fixed: (39.2242448, 42.82017219999999)
  Geocoding: Ice Cave, Agri, Turkey...
    ✓ Fixed: (39.719074, 43.050591)
  Geocoding: Diyadin Hot Springs, Agri, Turkey...
    ✓ Fixed: (39.5401, 43.6773)
  Geocoding: Fish Lake, Agri, Turkey...
    ✓ Fixed: (39.719074, 43.050591)
  Saved 9 fixes to AgriAttractions.swift

Processing: BalikesirAttractions.swift
  Geocoding: Kaz Mountains, Balikesir, Turkey...
    ✓ Fixed: (39.7, 26.8333333)
  Geocoding: Cunda Island, Balikesir, Turkey...
    ✓ Fixed: (39.3459558, 26.6376476)
  Geocoding: Ayvalik Old Town, Balikesir, Turkey...
    ✓ Fixed: (39.319185, 26.692387)
  Geocoding: Devil's Feast, Balikesir, Turkey...
    ✓ Fixed: (39.65329759999999, 27.8903423)
  Geocoding: Manyas Bird Paradise, Balikesir, Turkey...
    ✓ Fixed: (40.2319463, 28.0401289)
  Geocoding: Saatli Mosque, Balikesir, Turkey...
    ✓ Fixed: (39.3190029, 26.6941138)
  Geocoding: Taksiyarhis Church, Balikesir, Turkey...
    ✓ Fixed: (39.3197511, 26.694578)
  Geocoding: Sutuven Waterfall, Balikesir, Turkey...
    ✓ Fixed: (39.644832, 26.9182405)
  Geocoding: Hasanboguldu Pond, Balikesir, Turkey...
    ✓ Fixed: (39.6459133, 26.9185972)
  Geocoding: Antandros Ancient City, Balikesir, Turkey...
    ✓ Fixed: (39.5714956, 26.7863954)
  Geocoding: Rahmi Koc Museum, Balikesir, Turkey...
    ✓ Fixed: (39.65329759999999, 27.8903423)
  Geocoding: Sarimsakli Beach, Balikesir, Turkey...
    ✓ Fixed: (39.2678203, 26.6514155)
  Saved 12 fixes to BalikesirAttractions.swift

Processing: KarsAttractions.swift
  Geocoding: Ani Ruins, Kars, Turkey...
    ✓ Fixed: (40.5110758, 43.5725713)
  Geocoding: Kars Castle, Kars, Turkey...
    ✓ Fixed: (40.6134148, 43.0903587)
  Geocoding: Kümbet Mosque (Twelve Apostles), Kars, Turkey...
    ✓ Fixed: (40.613919, 43.131678)
  Geocoding: Stone Bridge, Kars, Turkey...
    ✓ Fixed: (40.6119618, 43.08875829999999)
  Geocoding: Lake Cildir, Kars, Turkey...
    ✓ Fixed: (41.0579929, 43.211583)
  Geocoding: Sarikamis Ski Center, Kars, Turkey...
    ✓ Fixed: (40.31933350000001, 42.6168267)
  Geocoding: Katerina Hunting Lodge, Kars, Turkey...
    ✓ Fixed: (40.6138, 43.0872573)
  Geocoding: Fethiye Mosque, Kars, Turkey...
    ✓ Fixed: (40.60098310000001, 43.0993006)
  Geocoding: Kars Museum, Kars, Turkey...
    ✓ Fixed: (40.6132772, 43.1102229)
  Geocoding: Caucasian Front War History Museum, Kars, Turkey...
    ✓ Fixed: (40.6013378, 43.0974525)
  Geocoding: Menuçehr Mosque, Kars, Turkey...
    ✓ Fixed: (40.5051819, 43.5701705)
  Geocoding: Cathedral of Ani, Kars, Turkey...
    ✓ Fixed: (40.5062228, 43.5729615)
  Saved 12 fixes to KarsAttractions.swift

Processing: RizeArtvinAttractions.swift
  Geocoding: Ayder Plateau, RizeArtvin, Turkey...
    ✓ Fixed: (40.9532606, 41.1023372)
  Geocoding: Zilkale, RizeArtvin, Turkey...
    ✓ Fixed: (40.926094, 40.9537989)
  Geocoding: Firtina Creek, RizeArtvin, Turkey...
    ✓ Fixed: (40.96040850679608, 40.98343255669506)
  Geocoding: Palovit Waterfall, RizeArtvin, Turkey...
    ✓ Fixed: (40.9413926, 40.9933788)
  Geocoding: Pokut Plateau, RizeArtvin, Turkey...
    ✓ Fixed: (40.9624624, 41.0215644)
  Geocoding: Gito Plateau, RizeArtvin, Turkey...
    ✓ Fixed: (40.9047617, 40.9132817)
  Geocoding: Karagol (Borcka), RizeArtvin, Turkey...
    ✓ Fixed: (41.3637, 41.6791)
  Geocoding: Mençuna Waterfall, RizeArtvin, Turkey...
    ✓ Fixed: (41.2527084, 41.3558601)
  Geocoding: Rize Museum, RizeArtvin, Turkey...
    ✓ Fixed: (41.02491149999999, 40.5157663)
  Geocoding: Ataturk House, RizeArtvin, Turkey...
    ✓ Fixed: (41.180937, 41.820819)
  Geocoding: Sahara National Park, RizeArtvin, Turkey...
    ✓ Fixed: (41.180937, 41.820819)
  Geocoding: Maral Waterfall, RizeArtvin, Turkey...
    ✓ Fixed: (41.5029017, 41.95762089999999)
  Geocoding: Cehennem Deresi Canyon, RizeArtvin, Turkey...
    ✓ Fixed: (41.025511, 40.517666)
  Saved 13 fixes to RizeArtvinAttractions.swift

Processing: AdiyamanAttractions.swift
  Geocoding: Mount Nemrut, Adiyaman, Turkey...
    ✓ Fixed: (37.9807546, 38.7409706)
  Geocoding: Cendere Bridge, Adiyaman, Turkey...
    ✓ Fixed: (37.9329143, 38.6084898)
  Geocoding: Karakus Tumulus, Adiyaman, Turkey...
    ✓ Fixed: (37.8692498, 38.5879262)
  Geocoding: Arsameia, Adiyaman, Turkey...
    ✓ Fixed: (38.028856, 39.0322699)
  Geocoding: Perre Ancient City, Adiyaman, Turkey...
    ✓ Fixed: (37.79239, 38.30317489999999)
  Geocoding: Adiyaman Museum, Adiyaman, Turkey...
    ✓ Fixed: (37.7631042, 38.2782079)
  Geocoding: Oturakci Bazaar, Adiyaman, Turkey...
    ✓ Fixed: (37.76365, 38.2772592)
  Geocoding: Ataturk Dam, Adiyaman, Turkey...
    ✓ Fixed: (37.4864249, 38.3122199)
  Geocoding: Yeni Kale, Adiyaman, Turkey...
    ✓ Fixed: (37.95021, 38.65290299999999)
  Geocoding: Severan Bridge, Adiyaman, Turkey...
    ✓ Fixed: (37.9329143, 38.6084898)
  Saved 10 fixes to AdiyamanAttractions.swift

Processing: ErzurumAttractions.swift
  Geocoding: Erzurum Castle, Erzurum, Turkey...
    ✓ Fixed: (39.9076189, 41.2771418)
  Geocoding: Double Minaret Madrasa, Erzurum, Turkey...
    ✓ Fixed: (39.9058055, 41.2783573)
  Geocoding: Three Tombs, Erzurum, Turkey...
    ✓ Fixed: (39.9054993, 41.2658236)
  Geocoding: Yakutiye Madrasa, Erzurum, Turkey...
    ✓ Fixed: (39.9063889, 41.2722222)
  Geocoding: Palandöken Ski Center, Erzurum, Turkey...
    ✓ Fixed: (39.8571688, 41.2760082)
  Geocoding: Narman Fairy Chimneys, Erzurum, Turkey...
    ✓ Fixed: (40.2989627, 41.8750718)
  Geocoding: Tortum Waterfall, Erzurum, Turkey...
    ✓ Fixed: (40.6574791, 41.6587412)
  Geocoding: Erzurum Congress Building, Erzurum, Turkey...
    ✓ Fixed: (39.9054993, 41.2658236)
  Geocoding: Lala Mustafa Pasha Mosque, Erzurum, Turkey...
    ✓ Fixed: (39.9063603, 41.2731959)
  Geocoding: Rustem Pasha Caravanserai, Erzurum, Turkey...
    ✓ Fixed: (39.9054993, 41.2658236)
  Geocoding: Ataturk University, Erzurum, Turkey...
    ✓ Fixed: (39.8994487, 41.2441549)
  Geocoding: Abdurrahman Gazi Tomb, Erzurum, Turkey...
    ✓ Fixed: (39.8783333, 41.3127778)
  Saved 12 fixes to ErzurumAttractions.swift

Processing: VanAttractions.swift
  Geocoding: Van Castle, Van, Turkey...
    ✓ Fixed: (38.5026815, 43.3398839)
  Geocoding: Akdamar Island, Van, Turkey...
    ✓ Fixed: (38.3414571, 43.0354672)
  Geocoding: Akdamar Church, Van, Turkey...
    ✓ Fixed: (38.340339, 43.0369003)
  Geocoding: Lake Van, Van, Turkey...
    ✓ Fixed: (38.6139904, 42.9181508)
  Geocoding: Muradiye Waterfall, Van, Turkey...
    ✓ Fixed: (39.056613, 43.7566796)
  Geocoding: Van Cat House, Van, Turkey...
    ✓ Fixed: (38.5012085, 43.3729793)
  Geocoding: Hosap Castle, Van, Turkey...
    ✓ Fixed: (38.3171594, 43.801413)
  Geocoding: Van Museum, Van, Turkey...
    ✓ Fixed: (38.5036107, 43.3439785)
  Geocoding: Cavustepe Castle, Van, Turkey...
    ✓ Fixed: (38.35, 43.4528999)
  Geocoding: Seven Churches, Van, Turkey...
    ✓ Fixed: (38.5012085, 43.3729793)
  Geocoding: Halime Hatun Kumbet, Van, Turkey...
    ✓ Fixed: (38.3106709, 43.1172418)
  Geocoding: Kanispi Waterfall, Van, Turkey...
    ✓ Fixed: (38.499705, 43.3917562)
  Saved 12 fixes to VanAttractions.swift

Processing: BoluAttractions.swift
  Geocoding: Lake Abant, Bolu, Turkey...
    ✓ Fixed: (40.6041044, 31.2791071)
  Geocoding: Yedigoller National Park, Bolu, Turkey...
    ✓ Fixed: (40.9373071, 31.7407502)
  Geocoding: Golcuk Nature Park, Bolu, Turkey...
    ✓ Fixed: (40.6578982, 31.6296662)
  Geocoding: Kartalkaya Ski Resort, Bolu, Turkey...
    ✓ Fixed: (40.5940808, 31.8055157)
  Geocoding: Bolu Museum, Bolu, Turkey...
    ✓ Fixed: (40.7336031, 31.6062809)
  Geocoding: Seben Kaya Houses, Bolu, Turkey...
    ✓ Fixed: (40.732541, 31.608209)
  Geocoding: Akkayalar Travertines, Bolu, Turkey...
    ✓ Fixed: (40.6733993, 31.5199375)
  Geocoding: Zafer Tower, Bolu, Turkey...
    ✓ Fixed: (40.7408273, 31.6195212)
  Geocoding: Bolu Masal Park, Bolu, Turkey...
    ✓ Fixed: (40.7376449, 31.5700662)
  Geocoding: Mudurnu Old Town, Bolu, Turkey...
    ✓ Fixed: (40.462581, 31.211936)
  Geocoding: Goynuk Old Town, Bolu, Turkey...
    ✓ Fixed: (40.403205, 30.78565)
  Saved 11 fixes to BoluAttractions.swift

Processing: EdirneAttractions.swift
  Geocoding: Selimiye Mosque, Edirne, Turkey...
    ✓ Fixed: (41.6781107, 26.5591551)
  Geocoding: Old Mosque, Edirne, Turkey...
    ✓ Fixed: (41.6767208, 26.5557149)
  Geocoding: Uc Serefeli Mosque, Edirne, Turkey...
    ✓ Fixed: (41.6780844, 26.553477)
  Geocoding: Complex of Sultan Bayezid II, Edirne, Turkey...
    ✓ Fixed: (41.6857627, 26.5428219)
  Geocoding: Edirne Palace, Edirne, Turkey...
    ✓ Fixed: (41.6911268, 26.5563929)
  Geocoding: Meric Bridge, Edirne, Turkey...
    ✓ Fixed: (41.6630236, 26.5520423)
  Geocoding: Karaagac, Edirne, Turkey...
    ✓ Fixed: (41.65591999999999, 26.526933)
  Geocoding: Lausanne Monument, Edirne, Turkey...
    ✓ Fixed: (41.6526589, 26.5200271)
  Geocoding: Ali Pasha Bazaar, Edirne, Turkey...
    ✓ Fixed: (41.6755041, 26.5525777)
  Geocoding: Edirne Archaeology Museum, Edirne, Turkey...
    ✓ Fixed: (41.67889030000001, 26.5606983)
  Geocoding: Grand Synagogue of Edirne, Edirne, Turkey...
    ✓ Fixed: (41.6716299, 26.5516055)
  Geocoding: Adalet Kasri, Edirne, Turkey...
    ✓ Fixed: (41.6713553, 26.589298)
  Saved 12 fixes to EdirneAttractions.swift

Processing: AmasraAttractions.swift
  Geocoding: Amasra Castle, Amasra, Turkey...
    ✓ Fixed: (41.7492645, 32.3886001)
  Geocoding: Kemere Bridge, Amasra, Turkey...
    ✓ Fixed: (41.7503095, 32.3846813)
  Geocoding: Weeping Tree, Amasra, Turkey...
    ✓ Fixed: (41.752941, 32.384727)
  Geocoding: Amasra Museum, Amasra, Turkey...
    ✓ Fixed: (41.7471391, 32.3830715)
  Geocoding: Rabbit Island, Amasra, Turkey...
    ✓ Fixed: (41.7470209, 32.385537)
  Geocoding: Kucuk Liman Beach, Amasra, Turkey...
    ✓ Fixed: (41.7470703, 32.3876071)
  Geocoding: Buyuk Liman Beach, Amasra, Turkey...
    ✓ Fixed: (41.7470703, 32.3876071)
  Geocoding: Galla Bazaar, Amasra, Turkey...
    ✓ Fixed: (41.7470209, 32.385537)
  Geocoding: Fatih Mosque, Amasra, Turkey...
    ✓ Fixed: (41.74597079999999, 32.3810781)
  Geocoding: Kuskayasi Road Monument, Amasra, Turkey...
    ✓ Fixed: (41.71822299999999, 32.3632469)
  Saved 10 fixes to AmasraAttractions.swift

Processing: SinopAttractions.swift
  Geocoding: Sinop Fortress, Sinop, Turkey...
    ✓ Fixed: (42.0238647, 35.1507759)
  Geocoding: Sinop Prison Museum, Sinop, Turkey...
    ✓ Fixed: (42.0252609, 35.1430304)
  Geocoding: Hamsilos Fiord, Sinop, Turkey...
    ✓ Fixed: (42.06037509999999, 35.0453316)
  Geocoding: Inceburun Lighthouse, Sinop, Turkey...
    ✓ Fixed: (42.0970899, 34.9448784)
  Geocoding: Erfelek Waterfalls, Sinop, Turkey...
    ✓ Fixed: (41.84036, 34.7798002)
  Geocoding: Sinop Archeological Museum, Sinop, Turkey...
    ✓ Fixed: (42.0276951, 35.1513747)
  Geocoding: Balatlar Church, Sinop, Turkey...
    ✓ Fixed: (42.0258833, 35.1570889)
  Geocoding: Pasha Bastion, Sinop, Turkey...
    ✓ Fixed: (42.016868, 35.180668)
  Geocoding: Karakum Beach, Sinop, Turkey...
    ✓ Fixed: (42.0228632, 35.1547591)
  Geocoding: Boyabat Castle, Sinop, Turkey...
    ✓ Fixed: (41.4663239, 34.7615999)
  Saved 10 fixes to SinopAttractions.swift

Processing: NeuchatelAttractions.swift
  Geocoding: Neuchâtel Old Town, Neuchatel, Switzerland...
    ✓ Fixed: (46.9900538, 6.9245758)
  Geocoding: Neuchâtel Castle, Neuchatel, Switzerland...
    ✓ Fixed: (46.9920846, 6.927086399999999)
  Geocoding: Collegiate Church, Neuchatel, Switzerland...
    ✓ Fixed: (46.9919101, 6.9260393)
  Geocoding: Lake Neuchâtel, Neuchatel, Switzerland...
    ✓ Fixed: (46.9106751, 6.8721318)
  Geocoding: Laténium, Neuchatel, Switzerland...
    ✓ Fixed: (47.00725449999999, 6.9709894)
  Geocoding: Art and History Museum, Neuchatel, Switzerland...
    ✓ Fixed: (46.9915578, 6.935375700000001)
  Geocoding: Creux du Van, Neuchatel, Switzerland...
    ✓ Fixed: (46.9361228, 6.7205697)
  Saved 7 fixes to NeuchatelAttractions.swift

Processing: BellinzonaAttractions.swift
  Geocoding: Three Castles of Bellinzona, Bellinzona, Switzerland...
    ✓ Fixed: (46.1946216, 9.0244124)
  Geocoding: Castelgrande, Bellinzona, Switzerland...
    ✓ Fixed: (46.1922183, 9.0207549)
  Geocoding: Montebello Castle, Bellinzona, Switzerland...
    ✓ Fixed: (46.1913229, 9.0265154)
  Geocoding: Sasso Corbaro Castle, Bellinzona, Switzerland...
    ✓ Fixed: (46.188206, 9.030066699999999)
  Geocoding: Bellinzona Old Town, Bellinzona, Switzerland...
    ✓ Fixed: (46.1946216, 9.0244124)
  Geocoding: Saturday Market, Bellinzona, Switzerland...
    ✓ Fixed: (46.1946216, 9.0244124)
  Geocoding: Piazza Collegiata, Bellinzona, Switzerland...
    ✓ Fixed: (46.1916062, 9.0232795)
  Saved 7 fixes to BellinzonaAttractions.swift

Processing: FribourgAttractions.swift
  Geocoding: Fribourg Old Town, Fribourg, Switzerland...
    ✓ Fixed: (46.8064773, 7.161971899999999)
  Geocoding: Pont de Berne, Fribourg, Switzerland...
    ✓ Fixed: (46.804366, 7.169022)
  Geocoding: Cathedral of St. Nicholas, Fribourg, Switzerland...
    ✓ Fixed: (46.8061889, 7.1627305)
  Geocoding: Gutenberg Museum, Fribourg, Switzerland...
    ✓ Fixed: (46.8073044, 7.1617396)
  Geocoding: Fribourg Funicular, Fribourg, Switzerland...
    ✓ Fixed: (46.8038733, 7.1574578)
  Geocoding: Auge Quarter, Fribourg, Switzerland...
    ✓ Fixed: (46.4817834, 7.0378328)
  Geocoding: Gruyères, Fribourg, Switzerland...
    ✓ Fixed: (46.57775549999999, 7.0624775)
  Geocoding: Gruyères Castle, Fribourg, Switzerland...
    ✓ Fixed: (46.584744, 7.084081)
  Geocoding: HR Giger Museum, Fribourg, Switzerland...
    ✓ Fixed: (46.5841581, 7.0823266)
  Geocoding: Cailler Chocolate Factory, Fribourg, Switzerland...
    ✓ Fixed: (46.8064773, 7.161971899999999)
  Saved 10 fixes to FribourgAttractions.swift

Processing: BernAttractions.swift
  Geocoding: Old City of Bern, Bern, Switzerland...
    ✓ Fixed: (46.9479739, 7.4474468)
  Geocoding: Zytglogge, Bern, Switzerland...
    ✓ Fixed: (46.9480298, 7.4477977)
  Geocoding: Bear Park, Bern, Switzerland...
    ✓ Fixed: (46.9481216, 7.459452100000001)
  Geocoding: Federal Palace, Bern, Switzerland...
    ✓ Fixed: (46.94656089999999, 7.444255900000001)
  Geocoding: Bern Minster, Bern, Switzerland...
    ✓ Fixed: (46.94723949999999, 7.451530999999998)
  Geocoding: Kramgasse, Bern, Switzerland...
    ✓ Fixed: (46.9479785, 7.4505088)
  Geocoding: Einstein House, Bern, Switzerland...
    ✓ Fixed: (46.9478034, 7.450001500000001)
  Geocoding: Kornhausplatz, Bern, Switzerland...
    ✓ Fixed: (46.9484888, 7.4475799)
  Geocoding: Child Eater Fountain, Bern, Switzerland...
    ✓ Fixed: (46.9479739, 7.4474468)
  Geocoding: Rosengarten, Bern, Switzerland...
    ✓ Fixed: (46.9514886, 7.4600729)
  Geocoding: Aare River, Bern, Switzerland...
    ✓ Fixed: (47.08944430734029, 7.768296829042212)
  Geocoding: Gurten Mountain, Bern, Switzerland...
    ✓ Fixed: (46.9172619, 7.443790600000001)
  Geocoding: Bern Historical Museum, Bern, Switzerland...
    ✓ Fixed: (46.9430961, 7.449305499999999)
  Geocoding: Einstein Museum, Bern, Switzerland...
    ✓ Fixed: (46.9430961, 7.449305499999999)
  Geocoding: Kunstmuseum Bern, Bern, Switzerland...
    ✓ Fixed: (46.9511633, 7.443161900000001)
  Geocoding: Paul Klee Center, Bern, Switzerland...
    ✓ Fixed: (46.9490841, 7.474304)
  Geocoding: Botanical Garden, Bern, Switzerland...
    ✓ Fixed: (46.9528845, 7.4447102)
  Geocoding: Natural History Museum, Bern, Switzerland...
    ✓ Fixed: (46.94214119999999, 7.448942699999999)
  Geocoding: Communication Museum, Bern, Switzerland...
    ✓ Fixed: (46.941801, 7.450036)
  Geocoding: Marzili River Swimming, Bern, Switzerland...
    ✓ Fixed: (46.94520199999999, 7.443098999999998)
  Geocoding: Bundesplatz, Bern, Switzerland...
    ✓ Fixed: (46.947315, 7.4441699)
  Geocoding: Marktgasse, Bern, Switzerland...
    ✓ Fixed: (46.9479898, 7.4455145)
  Saved 22 fixes to BernAttractions.swift

Processing: LucerneAttractions.swift
  Geocoding: Chapel Bridge, Lucerne, Switzerland...
    ✓ Fixed: (47.0516489, 8.307535099999999)
  Geocoding: Water Tower, Lucerne, Switzerland...
    ✓ Fixed: (47.05016819999999, 8.3093072)
  Geocoding: Lake Lucerne, Lucerne, Switzerland...
    ✓ Fixed: (47.05016819999999, 8.3093072)
  Geocoding: Lucerne Old Town, Lucerne, Switzerland...
    ✓ Fixed: (47.0574063, 8.3097775)
  Geocoding: Lion Monument, Lucerne, Switzerland...
    ✓ Fixed: (47.0584263, 8.310915099999999)
  Geocoding: Spreuer Bridge, Lucerne, Switzerland...
    ✓ Fixed: (47.0518503, 8.301662199999999)
  Geocoding: Musegg Wall, Lucerne, Switzerland...
    ✓ Fixed: (47.0536413, 8.3023724)
  Geocoding: Musegg Towers, Lucerne, Switzerland...
    ✓ Fixed: (47.0536413, 8.3023724)
  Geocoding: Jesuit Church, Lucerne, Switzerland...
    ✓ Fixed: (47.0506252, 8.3051373)
  Geocoding: Church of St. Leodegar, Lucerne, Switzerland...
    ✓ Fixed: (47.0554874, 8.3137077)
  Geocoding: Richard Wagner Museum, Lucerne, Switzerland...
    ✓ Fixed: (47.0424017, 8.3290378)
  Geocoding: Swiss Transport Museum, Lucerne, Switzerland...
    ✓ Fixed: (47.053814, 8.3355286)
  Geocoding: Rosengart Collection, Lucerne, Switzerland...
    ✓ Fixed: (47.04967, 8.307345999999999)
  Geocoding: Glacier Garden, Lucerne, Switzerland...
    ✓ Fixed: (47.0588752, 8.3102637)
  Geocoding: KKL Lucerne, Lucerne, Switzerland...
    ✓ Fixed: (47.0504804, 8.3116148)
  Geocoding: Boat Cruises, Lucerne, Switzerland...
    ✓ Fixed: (47.05016819999999, 8.3093072)
  Geocoding: Mount Pilatus, Lucerne, Switzerland...
    ✓ Fixed: (46.9794705, 8.2548011)
  Geocoding: Pilatus Cogwheel Railway, Lucerne, Switzerland...
    ✓ Fixed: (47.05016819999999, 8.3093072)
  Geocoding: Dragon Path, Lucerne, Switzerland...
    ✓ Fixed: (47.05016819999999, 8.3093072)
  Geocoding: Mount Rigi, Lucerne, Switzerland...
    ✓ Fixed: (47.055985, 8.485160600000002)
  Geocoding: Rigi Kulm, Lucerne, Switzerland...
    ✓ Fixed: (47.0566894, 8.485821800000002)
  Geocoding: Rigi Railways, Lucerne, Switzerland...
    ✓ Fixed: (47.0481931, 8.5481608)
  Geocoding: Stanserhorn, Lucerne, Switzerland...
    ✓ Fixed: (47.05016819999999, 8.3093072)
  Geocoding: CabriO Cable Car, Lucerne, Switzerland...
    ✓ Fixed: (46.9585889, 8.3635036)
  Geocoding: Bürgenstock, Lucerne, Switzerland...
    ✓ Fixed: (47.0003721, 8.3983794)
  Geocoding: Hammetschwand Lift, Lucerne, Switzerland...
    ✓ Fixed: (47.0013436, 8.3963211)
  Saved 26 fixes to LucerneAttractions.swift

Processing: ZurichAttractions.swift
  Geocoding: Old Town, Zurich, Switzerland...
    ✓ Fixed: (47.37368310000001, 8.543581399999999)
  Geocoding: Bahnhofstrasse, Zurich, Switzerland...
    ✓ Fixed: (47.3717284, 8.538556)
  Geocoding: Grossmünster, Zurich, Switzerland...
    ✓ Fixed: (47.3700931, 8.544054)
  Geocoding: Fraumünster, Zurich, Switzerland...
    ✓ Fixed: (47.36904029999999, 8.540866)
  Geocoding: Chagall Windows, Zurich, Switzerland...
    ✓ Fixed: (47.3924226, 8.5357487)
  Geocoding: St. Peter's Church, Zurich, Switzerland...
    ✓ Fixed: (47.3711462, 8.5407181)
  Geocoding: Lindenhof, Zurich, Switzerland...
    ✓ Fixed: (47.3721811, 8.5413182)
  Geocoding: Limmat River, Zurich, Switzerland...
    ✓ Fixed: (47.43643694400411, 8.39851845896322)
  Geocoding: Lake Zürich, Zurich, Switzerland...
    ✓ Fixed: (47.3768866, 8.541694)
  Geocoding: Zürich Opera House, Zurich, Switzerland...
    ✓ Fixed: (47.36521219999999, 8.546674)
  Geocoding: Kunsthaus Zürich, Zurich, Switzerland...
    ✓ Fixed: (47.3710978, 8.5490786)
  Geocoding: Swiss National Museum, Zurich, Switzerland...
    ✓ Fixed: (47.3791037, 8.540542799999999)
  Geocoding: FIFA World Football Museum, Zurich, Switzerland...
    ✓ Fixed: (47.3633348, 8.5317033)
  Geocoding: Uetliberg Mountain, Zurich, Switzerland...
    ✓ Fixed: (47.3544161, 8.48578)
  Geocoding: Zoo Zürich, Zurich, Switzerland...
    ✓ Fixed: (47.3842845, 8.5744797)
  Geocoding: Masoala Rainforest Hall, Zurich, Switzerland...
    ✓ Fixed: (47.3842438, 8.5778819)
  Geocoding: Niederdorf Quarter, Zurich, Switzerland...
    ✓ Fixed: (47.37489890000001, 8.544643299999999)
  Geocoding: Schipfe, Zurich, Switzerland...
    ✓ Fixed: (47.3729406, 8.541707)
  Geocoding: Rietberg Museum, Zurich, Switzerland...
    ✓ Fixed: (47.3589294, 8.530225)
  Geocoding: Botanical Garden, Zurich, Switzerland...
    ✓ Fixed: (47.3580049, 8.561606099999999)
  Geocoding: Chinese Garden, Zurich, Switzerland...
    ✓ Fixed: (47.3548182, 8.5520921)
  Geocoding: Thermalbad & Spa Zürich, Zurich, Switzerland...
    ✓ Fixed: (47.3649417, 8.525115)
  Geocoding: Sechseläutenplatz, Zurich, Switzerland...
    ✓ Fixed: (47.3654142, 8.546758)
  Geocoding: Bellevue Square, Zurich, Switzerland...
    ✓ Fixed: (47.36716, 8.5455106)
  Geocoding: Zürich West, Zurich, Switzerland...
    ✓ Fixed: (47.3816493, 8.5205076)
  Geocoding: Freitag Tower, Zurich, Switzerland...
    ✓ Fixed: (47.3856597, 8.519385699999999)
  Geocoding: Viadukt, Zurich, Switzerland...
    ✓ Fixed: (47.3862236, 8.5221)
  Saved 27 fixes to ZurichAttractions.swift

Processing: InterlakenAttractions.swift
  Geocoding: Höheweg Promenade, Interlaken, Switzerland...
    ✓ Fixed: (46.6881475, 7.8619263)
  Geocoding: Harder Kulm, Interlaken, Switzerland...
    ✓ Fixed: (46.6973773, 7.8517751)
  Geocoding: Harder Kulm Funicular, Interlaken, Switzerland...
    ✓ Fixed: (46.6973773, 7.8517751)
  Geocoding: Two Lakes View, Interlaken, Switzerland...
    ✓ Fixed: (46.6863481, 7.863204899999999)
  Geocoding: Lake Thun, Interlaken, Switzerland...
    ✓ Fixed: (46.6958354, 7.7212158)
  Geocoding: Lake Brienz, Interlaken, Switzerland...
    ✓ Fixed: (46.72674259999999, 7.9674729)
  Geocoding: Unterseen Old Town, Interlaken, Switzerland...
    ✓ Fixed: (46.6852116, 7.848157400000001)
  Geocoding: Interlaken Castle, Interlaken, Switzerland...
    ✓ Fixed: (46.6870208, 7.863799599999998)
  Geocoding: Paragliding, Interlaken, Switzerland...
    ✓ Fixed: (46.6882584, 7.8620516)
  Geocoding: Jungfraujoch, Interlaken, Switzerland...
    ✓ Fixed: (46.5482766, 7.9806434)
  Geocoding: Top of Europe, Interlaken, Switzerland...
    ✓ Fixed: (46.6858502, 7.8563402)
  Geocoding: Sphinx Observatory, Interlaken, Switzerland...
    ✓ Fixed: (46.6863481, 7.863204899999999)
  Geocoding: Ice Palace, Interlaken, Switzerland...
    ✓ Fixed: (46.6863481, 7.863204899999999)
  Geocoding: Jungfrau Railway, Interlaken, Switzerland...
    ✓ Fixed: (46.6863481, 7.863204899999999)
  Geocoding: Schynige Platte, Interlaken, Switzerland...
    ✓ Fixed: (46.6591551, 7.8914049)
  Geocoding: Alpine Garden, Interlaken, Switzerland...
    ✓ Fixed: (46.6534747, 7.9114853)
  Geocoding: St. Beatus Caves, Interlaken, Switzerland...
    ✓ Fixed: (46.68490269999999, 7.7812703)
  Geocoding: Mystery Park, Interlaken, Switzerland...
    ✓ Fixed: (46.681925, 7.877980600000001)
  Saved 18 fixes to InterlakenAttractions.swift

Processing: BaselAttractions.swift
  Geocoding: Old Town, Basel, Switzerland...
    ✓ Fixed: (47.5595986, 7.5885761)
  Geocoding: Basel Minster, Basel, Switzerland...
    ✓ Fixed: (47.5563317, 7.5919795)
  Geocoding: Marktplatz, Basel, Switzerland...
    ✓ Fixed: (47.5582523, 7.5875089)
  Geocoding: Town Hall, Basel, Switzerland...
    ✓ Fixed: (47.5581672, 7.5881825)
  Geocoding: Spalentor Gate, Basel, Switzerland...
    ✓ Fixed: (47.5580043, 7.581453499999999)
  Geocoding: Tinguely Fountain, Basel, Switzerland...
    ✓ Fixed: (47.553693, 7.5906113)
  Geocoding: Kunstmuseum Basel, Basel, Switzerland...
    ✓ Fixed: (47.5540319, 7.594192699999999)
  Geocoding: Fondation Beyeler, Basel, Switzerland...
    ✓ Fixed: (47.58810219999999, 7.6510161)
  Geocoding: Tinguely Museum, Basel, Switzerland...
    ✓ Fixed: (47.5591157, 7.612257)
  Geocoding: Vitra Design Museum, Basel, Switzerland...
    ✓ Fixed: (47.6016618, 7.618916700000001)
  Geocoding: Basel Zoo, Basel, Switzerland...
    ✓ Fixed: (47.54726300000001, 7.579006)
  Geocoding: Rhine River, Basel, Switzerland...
    ✓ Fixed: (47.5595986, 7.5885761)
  Geocoding: Rhine Swimming, Basel, Switzerland...
    ✓ Fixed: (47.5595986, 7.5885761)
  Geocoding: Middle Bridge, Basel, Switzerland...
    ✓ Fixed: (47.5601659, 7.5897188)
  Geocoding: Three Countries Corner, Basel, Switzerland...
    ✓ Fixed: (47.58853879999999, 7.589769299999999)
  Geocoding: Paper Mill, Basel, Switzerland...
    ✓ Fixed: (47.5546797, 7.603467999999999)
  Geocoding: Toy World Museum, Basel, Switzerland...
    ✓ Fixed: (47.5539346, 7.589089)
  Geocoding: Museum of Cultures, Basel, Switzerland...
    ✓ Fixed: (47.55714039999999, 7.5908681)
  Geocoding: Cartoon Museum, Basel, Switzerland...
    ✓ Fixed: (47.5545272, 7.5963835)
  Geocoding: Augusta Raurica, Basel, Switzerland...
    ✓ Fixed: (47.53389, 7.721349999999999)
  Geocoding: Basel Fasnacht, Basel, Switzerland...
    ✓ Fixed: (47.56055869999999, 7.591221399999999)
  Saved 21 fixes to BaselAttractions.swift

Processing: StMoritzAttractions.swift
  Geocoding: Lake St. Moritz, StMoritz, Switzerland...
    ✓ Fixed: (46.4942164, 9.8449469)
  Geocoding: Engadin Valley, StMoritz, Switzerland...
    ✓ Fixed: (46.4907973, 9.8355079)
  Geocoding: Piz Nair, StMoritz, Switzerland...
    ✓ Fixed: (46.505455, 9.787692999999999)
  Geocoding: Corviglia, StMoritz, Switzerland...
    ✓ Fixed: (46.507667, 9.8189683)
  Geocoding: Corvatsch, StMoritz, Switzerland...
    ✓ Fixed: (46.486913, 9.836585699999999)
  Geocoding: Diavolezza, StMoritz, Switzerland...
    ✓ Fixed: (46.4907973, 9.8355079)
  Geocoding: Muottas Muragl, StMoritz, Switzerland...
    ✓ Fixed: (46.4907973, 9.8355079)
  Geocoding: Segantini Museum, StMoritz, Switzerland...
    ✓ Fixed: (46.4926985, 9.8333254)
  Geocoding: Engadin Museum, StMoritz, Switzerland...
    ✓ Fixed: (46.4939416, 9.8353102)
  Geocoding: Leaning Tower, StMoritz, Switzerland...
    ✓ Fixed: (46.4907973, 9.8355079)
  Geocoding: Cresta Run, StMoritz, Switzerland...
    ✓ Fixed: (46.5024798, 9.8451688)
  Geocoding: Bobsled Run, StMoritz, Switzerland...
    ✓ Fixed: (46.4907973, 9.8355079)
  Geocoding: St. Moritz Bad, StMoritz, Switzerland...
    ✓ Fixed: (46.486859, 9.836153999999999)
  Geocoding: Mineral Springs, StMoritz, Switzerland...
    ✓ Fixed: (46.4907973, 9.8355079)
  Geocoding: Glacier Express Route, StMoritz, Switzerland...
    ✓ Fixed: (46.4907973, 9.8355079)
  Geocoding: Bernina Express Route, StMoritz, Switzerland...
    ✓ Fixed: (46.4072821, 10.020907)
  Saved 16 fixes to StMoritzAttractions.swift

Processing: GrindelwaldAttractions.swift
  Geocoding: First Mountain, Grindelwald, Switzerland...
    ✓ Fixed: (46.65854299999999, 8.0651675)
  Geocoding: First Cliff Walk, Grindelwald, Switzerland...
    ✓ Fixed: (46.660356, 8.053485499999999)
  Geocoding: First Glider, Grindelwald, Switzerland...
    ✓ Fixed: (46.6580228, 8.064359099999999)
  Geocoding: First Flyer, Grindelwald, Switzerland...
    ✓ Fixed: (46.6592761, 8.0551394)
  Geocoding: Bachalpsee Lake, Grindelwald, Switzerland...
    ✓ Fixed: (46.669444, 8.023333)
  Geocoding: Eiger North Face, Grindelwald, Switzerland...
    ✓ Fixed: (46.57762049999999, 8.0053926)
  Geocoding: Eiger Trail, Grindelwald, Switzerland...
    ✓ Fixed: (46.6151735, 8.0267472)
  Geocoding: Grindelwald Glacier, Grindelwald, Switzerland...
    ✓ Fixed: (46.5960528, 8.056043599999999)
  Geocoding: Pfingstegg Cable Car, Grindelwald, Switzerland...
    ✓ Fixed: (46.6180046, 8.057357)
  Geocoding: Glacier Canyon, Grindelwald, Switzerland...
    ✓ Fixed: (46.61338, 8.0464872)
  Geocoding: Grindelwald-First Gondola, Grindelwald, Switzerland...
    ✓ Fixed: (46.660556, 8.053611)
  Geocoding: Kleine Scheidegg, Grindelwald, Switzerland...
    ✓ Fixed: (46.6005727, 8.0024281)
  Geocoding: Männlichen, Grindelwald, Switzerland...
    ✓ Fixed: (46.6181443, 7.938064700000001)
  Geocoding: Royal Walk, Grindelwald, Switzerland...
    ✓ Fixed: (46.6181282, 7.9382763)
  Saved 14 fixes to GrindelwaldAttractions.swift

Processing: DavosAttractions.swift
  Geocoding: Jakobshorn, Davos, Switzerland...
    ✓ Fixed: (46.772448, 9.8493222)
  Geocoding: Parsenn, Davos, Switzerland...
    ✓ Fixed: (46.8084909, 9.838794100000001)
  Geocoding: Schatzalp, Davos, Switzerland...
    ✓ Fixed: (46.8012309, 9.8139222)
  Geocoding: Davos Lake, Davos, Switzerland...
    ✓ Fixed: (46.8198622, 9.8531743)
  Geocoding: Kirchner Museum, Davos, Switzerland...
    ✓ Fixed: (46.8001697, 9.8267454)
  Geocoding: Magic Mountain Setting, Davos, Switzerland...
    ✓ Fixed: (46.8027453, 9.835970099999999)
  Geocoding: World Economic Forum Venue, Davos, Switzerland...
    ✓ Fixed: (46.7987777, 9.8266542)
  Geocoding: Swiss Alpine Garden, Davos, Switzerland...
    ✓ Fixed: (46.8027453, 9.835970099999999)
  Geocoding: Sertig Valley, Davos, Switzerland...
    ✓ Fixed: (46.72629999999999, 9.84783)
  Geocoding: Rinerhorn, Davos, Switzerland...
    ✓ Fixed: (46.7393702, 9.8141655)
  Saved 10 fixes to DavosAttractions.swift

Processing: SchaffhausenAttractions.swift
  Geocoding: Rhine Falls, Schaffhausen, Switzerland...
    ✓ Fixed: (47.6780897, 8.6154486)
  Geocoding: Munot Fortress, Schaffhausen, Switzerland...
    ✓ Fixed: (47.6969313, 8.6398827)
  Geocoding: Schaffhausen Old Town, Schaffhausen, Switzerland...
    ✓ Fixed: (47.6958897, 8.6380488)
  Geocoding: Stein am Rhein, Schaffhausen, Switzerland...
    ✓ Fixed: (47.6558193, 8.8579556)
  Geocoding: Frescoed Houses, Schaffhausen, Switzerland...
    ✓ Fixed: (47.6958897, 8.6380488)
  Geocoding: Lake Constance, Schaffhausen, Switzerland...
    ✓ Fixed: (47.6958897, 8.6380488)
  Saved 6 fixes to SchaffhausenAttractions.swift

Processing: MontreuxAttractions.swift
  Geocoding: Montreux Riviera, Montreux, Switzerland...
    ✓ Fixed: (46.4341515, 6.9148892)
  Geocoding: Lake Geneva Promenade, Montreux, Switzerland...
    ✓ Fixed: (46.4312213, 6.9106799)
  Geocoding: Château de Chillon, Montreux, Switzerland...
    ✓ Fixed: (46.4142131, 6.927492399999999)
  Geocoding: Freddie Mercury Statue, Montreux, Switzerland...
    ✓ Fixed: (46.4320962, 6.9091532)
  Geocoding: Montreux Jazz Festival Venue, Montreux, Switzerland...
    ✓ Fixed: (46.43921719999999, 6.9043481)
  Geocoding: Rochers-de-Naye, Montreux, Switzerland...
    ✓ Fixed: (46.4347905, 6.9797254)
  Geocoding: Golden Pass Line, Montreux, Switzerland...
    ✓ Fixed: (46.4361145, 6.9101452)
  Geocoding: Queen The Studio Experience, Montreux, Switzerland...
    ✓ Fixed: (46.4296665, 6.9116836)
  Geocoding: Casino Barrière Montreux, Montreux, Switzerland...
    ✓ Fixed: (46.4296376, 6.9116835)
  Geocoding: Covered Market, Montreux, Switzerland...
    ✓ Fixed: (46.4312213, 6.9106799)
  Geocoding: Lavaux Vineyards, Montreux, Switzerland...
    ✓ Fixed: (46.4312213, 6.9106799)
  Saved 11 fixes to MontreuxAttractions.swift

Processing: ThunAttractions.swift
  Geocoding: Thun Castle, Thun, Switzerland...
    ✓ Fixed: (46.75986650000001, 7.6298949)
  Geocoding: Thun Old Town, Thun, Switzerland...
    ✓ Fixed: (46.7579868, 7.6279881)
  Geocoding: Obere Hauptgasse, Thun, Switzerland...
    ✓ Fixed: (46.7586308, 7.6300953)
  Geocoding: Lake Thun, Thun, Switzerland...
    ✓ Fixed: (46.7579868, 7.6279881)
  Geocoding: Schadau Park, Thun, Switzerland...
    ✓ Fixed: (46.7462018, 7.6373639)
  Geocoding: Schadau Castle, Thun, Switzerland...
    ✓ Fixed: (46.7462018, 7.6373639)
  Geocoding: Wocher Panorama, Thun, Switzerland...
    ✓ Fixed: (46.7457217, 7.635991600000001)
  Geocoding: Stockhorn, Thun, Switzerland...
    ✓ Fixed: (46.7527589, 7.641680499999999)
  Geocoding: Niederhorn, Thun, Switzerland...
    ✓ Fixed: (46.7116828, 7.7767261)
  Saved 9 fixes to ThunAttractions.swift

Processing: BrigAttractions.swift
  Geocoding: Stockalper Palace, Brig, Switzerland...
    ✓ Fixed: (46.315289, 7.990646)
  Geocoding: Brig Old Town, Brig, Switzerland...
    ✓ Fixed: (46.31588319999999, 7.9875392)
  Geocoding: Simplon Pass, Brig, Switzerland...
    ✓ Fixed: (46.2505944, 8.032207399999999)
  Geocoding: Glacier Express Station, Brig, Switzerland...
    ✓ Fixed: (46.3158992, 7.987820800000001)
  Geocoding: Belalp, Brig, Switzerland...
    ✓ Fixed: (46.371389, 7.974167)
  Geocoding: Aletsch Arena, Brig, Switzerland...
    ✓ Fixed: (46.3576927, 8.047435100000001)
  Geocoding: Aletsch Glacier, Brig, Switzerland...
    ✓ Fixed: (46.3158992, 7.987820800000001)
  Saved 7 fixes to BrigAttractions.swift

Processing: AppenzellAttractions.swift
  Geocoding: Appenzell Village, Appenzell, Switzerland...
    ✓ Fixed: (47.33493199999999, 9.406594)
  Geocoding: Traditional Buildings, Appenzell, Switzerland...
    ✓ Fixed: (47.33493199999999, 9.406594)
  Geocoding: Landsgemeindeplatz, Appenzell, Switzerland...
    ✓ Fixed: (47.3315347, 9.407773)
  Geocoding: Appenzell Museum, Appenzell, Switzerland...
    ✓ Fixed: (47.3308238, 9.409776599999999)
  Geocoding: Säntis Mountain, Appenzell, Switzerland...
    ✓ Fixed: (47.33493199999999, 9.406594)
  Geocoding: Hoher Kasten, Appenzell, Switzerland...
    ✓ Fixed: (47.296498, 9.456783999999999)
  Geocoding: Seealpsee Lake, Appenzell, Switzerland...
    ✓ Fixed: (47.2685217, 9.4007497)
  Geocoding: Cheese Dairy, Appenzell, Switzerland...
    ✓ Fixed: (47.33493199999999, 9.406594)
  Saved 8 fixes to AppenzellAttractions.swift

Processing: LausanneAttractions.swift
  Geocoding: Old Town, Lausanne, Switzerland...
    ✓ Fixed: (46.5196535, 6.6322734)
  Geocoding: Lausanne Cathedral, Lausanne, Switzerland...
    ✓ Fixed: (46.5227113, 6.6348879)
  Geocoding: Place de la Palud, Lausanne, Switzerland...
    ✓ Fixed: (46.5221172, 6.6325885)
  Geocoding: Escaliers du Marché, Lausanne, Switzerland...
    ✓ Fixed: (46.5221316, 6.6338261)
  Geocoding: Olympic Museum, Lausanne, Switzerland...
    ✓ Fixed: (46.5087324, 6.634087900000001)
  Geocoding: Olympic Park, Lausanne, Switzerland...
    ✓ Fixed: (46.5609519, 6.681862499999999)
  Geocoding: Collection de l'Art Brut, Lausanne, Switzerland...
    ✓ Fixed: (46.527318, 6.62466)
  Geocoding: Palais de Rumine, Lausanne, Switzerland...
    ✓ Fixed: (46.5235105, 6.6337448)
  Geocoding: EPFL Campus, Lausanne, Switzerland...
    ✓ Fixed: (46.5196535, 6.6322734)
  Geocoding: Rolex Learning Center, Lausanne, Switzerland...
    ✓ Fixed: (46.5184945, 6.5684516)
  Geocoding: Ouchy Waterfront, Lausanne, Switzerland...
    ✓ Fixed: (46.510155, 6.626487)
  Geocoding: Sauvabelin Tower, Lausanne, Switzerland...
    ✓ Fixed: (46.5353269, 6.6385283)
  Geocoding: Flon District, Lausanne, Switzerland...
    ✓ Fixed: (46.520487, 6.630015299999999)
  Geocoding: M2 Metro, Lausanne, Switzerland...
    ✓ Fixed: (46.5253199, 6.6298618)
  Saved 14 fixes to LausanneAttractions.swift

Processing: ChurAttractions.swift
  Geocoding: Chur Old Town, Chur, Switzerland...
    ✓ Fixed: (46.8507835, 9.5319859)
  Geocoding: Cathedral of the Assumption, Chur, Switzerland...
    ✓ Fixed: (46.8476939, 9.535103099999999)
  Geocoding: Bishop's Palace, Chur, Switzerland...
    ✓ Fixed: (46.8482169, 9.5353031)
  Geocoding: Arcas Square, Chur, Switzerland...
    ✓ Fixed: (46.847948, 9.5317171)
  Geocoding: Rätisches Museum, Chur, Switzerland...
    ✓ Fixed: (46.8481815, 9.5335997)
  Geocoding: Bundner Kunstmuseum, Chur, Switzerland...
    ✓ Fixed: (46.85128419999999, 9.532313199999999)
  Geocoding: Brambrueesch, Chur, Switzerland...
    ✓ Fixed: (46.82761, 9.51831)
  Saved 7 fixes to ChurAttractions.swift

Processing: LuganoAttractions.swift
  Geocoding: Lake Lugano, Lugano, Switzerland...
    ✓ Fixed: (46.0036778, 8.951051999999999)
  Geocoding: Parco Ciani, Lugano, Switzerland...
    ✓ Fixed: (46.0048531, 8.9585636)
  Geocoding: Piazza della Riforma, Lugano, Switzerland...
    ✓ Fixed: (46.00381590000001, 8.951317399999999)
  Geocoding: Via Nassa, Lugano, Switzerland...
    ✓ Fixed: (46.0019552, 8.9496052)
  Geocoding: Monte San Salvatore, Lugano, Switzerland...
    ✓ Fixed: (45.9769806, 8.947339)
  Geocoding: Monte Brè, Lugano, Switzerland...
    ✓ Fixed: (46.0103461, 8.9854431)
  Geocoding: LAC, Lugano, Switzerland...
    ✓ Fixed: (45.9992536, 8.948219)
  Geocoding: Santa Maria degli Angioli, Lugano, Switzerland...
    ✓ Fixed: (46.0000831, 8.9492367)
  Geocoding: Gandria Village, Lugano, Switzerland...
    ✓ Fixed: (46.006028, 9.002132699999999)
  Geocoding: Swiss Miniatur, Lugano, Switzerland...
    ✓ Fixed: (45.9535657, 8.9507143)
  Geocoding: Morcote, Lugano, Switzerland...
    ✓ Fixed: (45.9278156, 8.9078997)
  Geocoding: Hermann Hesse Museum, Lugano, Switzerland...
    ✓ Fixed: (45.9829744, 8.918853799999999)
  Saved 12 fixes to LuganoAttractions.swift

Processing: SionAttractions.swift
  Geocoding: Valère Castle, Sion, Switzerland...
    ✓ Fixed: (46.2337923, 7.364670799999999)
  Geocoding: Tourbillon Castle, Sion, Switzerland...
    ✓ Fixed: (46.2364437, 7.367147999999999)
  Geocoding: Sion Old Town, Sion, Switzerland...
    ✓ Fixed: (46.2331221, 7.360625999999999)
  Geocoding: Notre-Dame-du-Glarier Cathedral, Sion, Switzerland...
    ✓ Fixed: (46.2339131, 7.358884199999999)
  Geocoding: Witch's Stone, Sion, Switzerland...
    ✓ Fixed: (46.2331221, 7.360625999999999)
  Saved 5 fixes to SionAttractions.swift

Processing: GenevaAttractions.swift
  Geocoding: Jet d'Eau, Geneva, Switzerland...
    ✓ Fixed: (46.2073889, 6.1559028)
  Geocoding: Old Town, Geneva, Switzerland...
    ✓ Fixed: (46.2002522, 6.1487274)
  Geocoding: St. Pierre Cathedral, Geneva, Switzerland...
    ✓ Fixed: (46.2011267, 6.1485159)
  Geocoding: Reformation Wall, Geneva, Switzerland...
    ✓ Fixed: (46.2002831, 6.1459508)
  Geocoding: Bastions Park, Geneva, Switzerland...
    ✓ Fixed: (46.200738, 6.1445653)
  Geocoding: Place du Bourg-de-Four, Geneva, Switzerland...
    ✓ Fixed: (46.2001176, 6.1487898)
  Geocoding: Maison Tavel, Geneva, Switzerland...
    ✓ Fixed: (46.2013519, 6.1471341)
  Geocoding: Palace of Nations, Geneva, Switzerland...
    ✓ Fixed: (46.2266053, 6.140481299999999)
  Geocoding: Broken Chair, Geneva, Switzerland...
    ✓ Fixed: (46.2228092, 6.138844199999999)
  Geocoding: International Red Cross Museum, Geneva, Switzerland...
    ✓ Fixed: (46.2269225, 6.137340699999999)
  Geocoding: Lake Geneva, Geneva, Switzerland...
    ✓ Fixed: (46.2043907, 6.1431577)
  Geocoding: Jardin Anglais, Geneva, Switzerland...
    ✓ Fixed: (46.2040815, 6.151908799999999)
  Geocoding: Flower Clock, Geneva, Switzerland...
    ✓ Fixed: (46.204192, 6.1509893)
  Geocoding: Bains des Pâquis, Geneva, Switzerland...
    ✓ Fixed: (46.2103687, 6.154191099999999)
  Geocoding: CERN, Geneva, Switzerland...
    ✓ Fixed: (46.2329733, 6.0555723)
  Geocoding: Museum of Art and History, Geneva, Switzerland...
    ✓ Fixed: (46.199284, 6.1515081)
  Geocoding: Natural History Museum, Geneva, Switzerland...
    ✓ Fixed: (46.1987117, 6.157862199999999)
  Geocoding: Patek Philippe Museum, Geneva, Switzerland...
    ✓ Fixed: (46.1982693, 6.1382317)
  Geocoding: Carouge District, Geneva, Switzerland...
    ✓ Fixed: (46.1829674, 6.1378539)
  Geocoding: Plainpalais Flea Market, Geneva, Switzerland...
    ✓ Fixed: (46.193889, 6.141388999999999)
  Geocoding: Brunswick Monument, Geneva, Switzerland...
    ✓ Fixed: (46.2084623, 6.1489786)
  Geocoding: Jet d'Eau Boat Tours, Geneva, Switzerland...
    ✓ Fixed: (46.2073889, 6.1559028)
  Geocoding: Mont Salève, Geneva, Switzerland...
    ✓ Fixed: (46.2043907, 6.1431577)
  Saved 23 fixes to GenevaAttractions.swift

Processing: EngadinValleyAttractions.swift
  Geocoding: Pontresina, EngadinValley, Switzerland...
    ✓ Fixed: (46.4929957, 9.9024964)
  Geocoding: Sils Maria, EngadinValley, Switzerland...
    ✓ Fixed: (46.4321555, 9.7656899)
  Geocoding: Silvaplana, EngadinValley, Switzerland...
    ✓ Fixed: (46.4599864, 9.7955009)
  Geocoding: Celerina, EngadinValley, Switzerland...
    ✓ Fixed: (46.51233329999999, 9.8589518)
  Geocoding: Maloja Pass, EngadinValley, Switzerland...
    ✓ Fixed: (46.4, 9.69575)
  Geocoding: Swiss National Park, EngadinValley, Switzerland...
    ✓ Fixed: (46.66662609999999, 10.2000257)
  Geocoding: Morteratsch Glacier, EngadinValley, Switzerland...
    ✓ Fixed: (46.40091899999999, 9.9272488)
  Saved 7 fixes to EngadinValleyAttractions.swift

Processing: LocarnoAttractions.swift
  Geocoding: Piazza Grande, Locarno, Switzerland...
    ✓ Fixed: (46.1714766, 9.0115088)
  Geocoding: Locarno Film Festival Venue, Locarno, Switzerland...
    ✓ Fixed: (46.1683226, 8.794463000000002)
  Geocoding: Sanctuary of Madonna del Sasso, Locarno, Switzerland...
    ✓ Fixed: (45.7882927, 8.3742451)
  Geocoding: Castello Visconteo, Locarno, Switzerland...
    ✓ Fixed: (46.1684184, 8.7933135)
  Geocoding: Locarno Old Town, Locarno, Switzerland...
    ✓ Fixed: (46.16699879999999, 8.7942643)
  Geocoding: Cardada-Cimetta, Locarno, Switzerland...
    ✓ Fixed: (46.1934379, 8.7855163)
  Geocoding: Lake Maggiore, Locarno, Switzerland...
    ✓ Fixed: (46.16699879999999, 8.7942643)
  Geocoding: Brissago Islands, Locarno, Switzerland...
    ✓ Fixed: (46.13213289999999, 8.7355024)
  Geocoding: Verzasca Valley, Locarno, Switzerland...
    ✓ Fixed: (46.25, 8.8333333)
  Geocoding: Verzasca Dam, Locarno, Switzerland...
    ✓ Fixed: (46.1966242, 8.849139000000001)
  Geocoding: Ponte dei Salti, Locarno, Switzerland...
    ✓ Fixed: (46.2600705, 8.8359918)
  Saved 11 fixes to LocarnoAttractions.swift

Processing: LauterbrunnenAttractions.swift
  Geocoding: Lauterbrunnen Valley, Lauterbrunnen, Switzerland...
    ✓ Fixed: (46.5935058, 7.9090981)
  Geocoding: Staubbach Falls, Lauterbrunnen, Switzerland...
    ✓ Fixed: (46.5896318, 7.905293199999999)
  Geocoding: Trummelbach Falls, Lauterbrunnen, Switzerland...
    ✓ Fixed: (46.5693113, 7.914510399999999)
  Geocoding: 72 Waterfalls, Lauterbrunnen, Switzerland...
    ✓ Fixed: (46.5935058, 7.9090981)
  Geocoding: Mürren, Lauterbrunnen, Switzerland...
    ✓ Fixed: (46.55944239999999, 7.892668899999999)
  Geocoding: Schilthorn, Lauterbrunnen, Switzerland...
    ✓ Fixed: (46.55748089999999, 7.835279300000001)
  Geocoding: Piz Gloria, Lauterbrunnen, Switzerland...
    ✓ Fixed: (46.5572288, 7.8352054)
  Geocoding: James Bond Experience, Lauterbrunnen, Switzerland...
    ✓ Fixed: (46.5935058, 7.9090981)
  Geocoding: Birg Thrill Walk, Lauterbrunnen, Switzerland...
    ✓ Fixed: (46.5614825, 7.856901499999999)
  Geocoding: Wengen, Lauterbrunnen, Switzerland...
    ✓ Fixed: (46.6054335, 7.921539900000001)
  Geocoding: Lauberhorn Ski Run, Lauterbrunnen, Switzerland...
    ✓ Fixed: (46.5923058, 7.947939299999999)
  Saved 11 fixes to LauterbrunnenAttractions.swift

Processing: TicinoLakesAttractions.swift
  Geocoding: Centovalli Railway, TicinoLakes, Switzerland...
    ✓ Fixed: (46.166667, 8.616667)
  Geocoding: Ascona, TicinoLakes, Switzerland...
    ✓ Fixed: (46.1615793, 8.775013099999999)
  Geocoding: Tenero, TicinoLakes, Switzerland...
    ✓ Fixed: (46.1804632, 8.8490614)
  Geocoding: Lake Como Border, TicinoLakes, Switzerland...
    ✓ Fixed: (46.0160486, 9.257167599999999)
  Saved 4 fixes to TicinoLakesAttractions.swift

Processing: ZermattAttractions.swift
  Geocoding: Matterhorn, Zermatt, Switzerland...
    ✓ Fixed: (45.9765738, 7.6584519)
  Geocoding: Gornergrat, Zermatt, Switzerland...
    ✓ Fixed: (46.01142000000001, 7.76685)
  Geocoding: Gornergrat Railway, Zermatt, Switzerland...
    ✓ Fixed: (46.0239501, 7.7484824)
  Geocoding: Matterhorn Glacier Paradise, Zermatt, Switzerland...
    ✓ Fixed: (45.9386091, 7.729949299999999)
  Geocoding: Klein Matterhorn, Zermatt, Switzerland...
    ✓ Fixed: (45.9385652, 7.732045599999998)
  Geocoding: Glacier Palace, Zermatt, Switzerland...
    ✓ Fixed: (45.9374832, 7.729525899999999)
  Geocoding: Sunnegga, Zermatt, Switzerland...
    ✓ Fixed: (46.0162203, 7.771271499999999)
  Geocoding: Rothorn, Zermatt, Switzerland...
    ✓ Fixed: (46.0208, 7.797770000000001)
  Geocoding: Schwarzsee, Zermatt, Switzerland...
    ✓ Fixed: (45.991511, 7.709997999999999)
  Geocoding: Riffelsee, Zermatt, Switzerland...
    ✓ Fixed: (45.983269, 7.762061500000001)
  Geocoding: Matterhorn Museum, Zermatt, Switzerland...
    ✓ Fixed: (46.0197538, 7.746431800000001)
  Geocoding: Zermatt Village, Zermatt, Switzerland...
    ✓ Fixed: (46.0207133, 7.749117000000001)
  Geocoding: Five Lakes Walk, Zermatt, Switzerland...
    ✓ Fixed: (46.0138279, 7.794858899999999)
  Geocoding: Zermatt Glacier Trail, Zermatt, Switzerland...
    ✓ Fixed: (45.9732558, 7.7043158)
  Geocoding: Hinterdorf, Zermatt, Switzerland...
    ✓ Fixed: (46.02103779999999, 7.7477035)
  Saved 15 fixes to ZermattAttractions.swift

Processing: SzekesfehervarAttractions.swift
  Geocoding: Garden of Ruins, Szekesfehervar, Hungary...
    ✓ Fixed: (47.18602620000001, 18.4221358)
  Geocoding: Coronation Church Site, Szekesfehervar, Hungary...
    ✓ Fixed: (47.18602620000001, 18.4221358)
  Geocoding: King Stephen Museum, Szekesfehervar, Hungary...
    ✓ Fixed: (47.18602620000001, 18.4221358)
  Geocoding: Bory Castle, Szekesfehervar, Hungary...
    ✓ Fixed: (47.2109568, 18.4514087)
  Geocoding: St. Stephen Cathedral, Szekesfehervar, Hungary...
    ✓ Fixed: (47.1904616, 18.4100426)
  Geocoding: Black Eagle Pharmacy Museum, Szekesfehervar, Hungary...
    ✓ Fixed: (47.18602620000001, 18.4221358)
  Geocoding: Hiemer House, Szekesfehervar, Hungary...
    ✓ Fixed: (47.1913338, 18.4088759)
  Saved 7 fixes to SzekesfehervarAttractions.swift

Processing: PecsAttractions.swift
  Geocoding: Early Christian Necropolis, Pecs, Hungary...
    ✓ Fixed: (46.0727345, 18.232266)
  Geocoding: Pécs Cathedral, Pecs, Hungary...
    ✓ Fixed: (46.0786287, 18.2236178)
  Geocoding: Bishop's Palace, Pecs, Hungary...
    ✓ Fixed: (46.0782433, 18.2225246)
  Geocoding: Cella Septichora, Pecs, Hungary...
    ✓ Fixed: (46.0777304, 18.2243793)
  Geocoding: Széchenyi Square, Pecs, Hungary...
    ✓ Fixed: (46.0761668, 18.2281406)
  Geocoding: Mosque of Pasha Qasim, Pecs, Hungary...
    ✓ Fixed: (46.0770702, 18.2279052)
  Geocoding: Zsolnay Cultural Quarter, Pecs, Hungary...
    ✓ Fixed: (46.0784726, 18.2478643)
  Geocoding: Zsolnay Fountain, Pecs, Hungary...
    ✓ Fixed: (46.0752602, 18.2286938)
  Geocoding: Vasarely Museum, Pecs, Hungary...
    ✓ Fixed: (46.0786743, 18.226841)
  Geocoding: Csontváry Museum, Pecs, Hungary...
    ✓ Fixed: (46.0774363, 18.2251688)
  Geocoding: Janus Pannonius Museum, Pecs, Hungary...
    ✓ Fixed: (46.0784283, 18.2256944)
  Geocoding: Barbican, Pecs, Hungary...
    ✓ Fixed: (46.0778257, 18.2214627)
  Geocoding: City Walls, Pecs, Hungary...
    ✓ Fixed: (46.0727345, 18.232266)
  Geocoding: Jakovali Hassan Mosque, Pecs, Hungary...
    ✓ Fixed: (46.0741435, 18.2210512)
  Geocoding: Idris Baba Türbe, Pecs, Hungary...
    ✓ Fixed: (46.0776579, 18.2103173)
  Geocoding: TV Tower, Pecs, Hungary...
    ✓ Fixed: (46.0990921, 18.2201459)
  Geocoding: Mecsek Hills, Pecs, Hungary...
    ✓ Fixed: (46.0523649, 18.2264831)
  Saved 17 fixes to PecsAttractions.swift

Processing: HollokoAttractions.swift
  Geocoding: Hollókő Village, Holloko, Hungary...
    ✓ Fixed: (47.9973035, 19.5919906)
  Geocoding: Traditional Houses, Holloko, Hungary...
    ✓ Fixed: (47.9973035, 19.5919906)
  Geocoding: Hollókő Castle, Holloko, Hungary...
    ✓ Fixed: (47.9976444, 19.58195)
  Geocoding: Village Museum, Holloko, Hungary...
    ✓ Fixed: (47.9973035, 19.5919906)
  Geocoding: Palóc Weaving House, Holloko, Hungary...
    ✓ Fixed: (47.9969504, 19.5973366)
  Saved 5 fixes to HollokoAttractions.swift

Processing: VeszpremAttractions.swift
  Geocoding: Castle District, Veszprem, Hungary...
    ✓ Fixed: (47.0930389, 17.9100763)
  Geocoding: Heroes' Gate, Veszprem, Hungary...
    ✓ Fixed: (47.0951828, 17.9055354)
  Geocoding: Gizella Chapel, Veszprem, Hungary...
    ✓ Fixed: (47.09261679999999, 17.9079532)
  Geocoding: Fire Lookout Tower, Veszprem, Hungary...
    ✓ Fixed: (47.1028087, 17.9093019)
  Geocoding: Veszprém Zoo, Veszprem, Hungary...
    ✓ Fixed: (47.0900738, 17.8925158)
  Geocoding: Queen's House, Veszprem, Hungary...
    ✓ Fixed: (47.1028087, 17.9093019)
  Geocoding: Óváros Square, Veszprem, Hungary...
    ✓ Fixed: (47.0934473, 17.9078202)
  Saved 7 fixes to VeszpremAttractions.swift

Processing: AggtelekAttractions.swift
  Geocoding: Baradla Cave, Aggtelek, Hungary...
    ✓ Fixed: (48.4686657, 20.5040699)
  Geocoding: Concert Hall Cave, Aggtelek, Hungary...
    ✓ Fixed: (48.4686657, 20.5040699)
  Geocoding: Domica Cave, Aggtelek, Hungary...
    ✓ Fixed: (48.4777347, 20.4693494)
  Saved 3 fixes to AggtelekAttractions.swift

Processing: EsztergomAttractions.swift
  Geocoding: Esztergom Basilica, Esztergom, Hungary...
    ✓ Fixed: (47.7990667, 18.7365247)
  Geocoding: Basilica Treasury, Esztergom, Hungary...
    ✓ Fixed: (47.7883949, 18.7434452)
  Geocoding: Basilica Crypt, Esztergom, Hungary...
    ✓ Fixed: (47.7883949, 18.7434452)
  Geocoding: Cupola Viewpoint, Esztergom, Hungary...
    ✓ Fixed: (47.7883949, 18.7434452)
  Geocoding: Castle Museum, Esztergom, Hungary...
    ✓ Fixed: (47.7983916, 18.7365222)
  Geocoding: Royal Chapel, Esztergom, Hungary...
    ✓ Fixed: (47.7883949, 18.7434452)
  Geocoding: Víziváros, Esztergom, Hungary...
    ✓ Fixed: (47.7974454, 18.7345269)
  Geocoding: Christian Museum, Esztergom, Hungary...
    ✓ Fixed: (47.7975282, 18.7348276)
  Geocoding: Mária Valéria Bridge, Esztergom, Hungary...
    ✓ Fixed: (47.794759, 18.7328637)
  Geocoding: Primate's Palace, Esztergom, Hungary...
    ✓ Fixed: (47.7883949, 18.7434452)
  Geocoding: Dark Gate, Esztergom, Hungary...
    ✓ Fixed: (47.7995419, 18.7377367)
  Saved 11 fixes to EsztergomAttractions.swift

Processing: KeszthelyAttractions.swift
  Geocoding: Festetics Palace, Keszthely, Hungary...
    ✓ Fixed: (46.77056899999999, 17.2420623)
  Geocoding: Helikon Library, Keszthely, Hungary...
    ✓ Fixed: (46.763616, 17.244549)
  Geocoding: Balaton Museum, Keszthely, Hungary...
    ✓ Fixed: (46.7588284, 17.2421711)
  Geocoding: Hévíz Thermal Lake, Keszthely, Hungary...
    ✓ Fixed: (46.7876678, 17.1930817)
  Saved 4 fixes to KeszthelyAttractions.swift

Processing: KecskemetAttractions.swift
  Geocoding: Main Square, Kecskemet, Hungary...
    ✓ Fixed: (46.8963711, 19.6896861)
  Geocoding: Town Hall, Kecskemet, Hungary...
    ✓ Fixed: (46.8963711, 19.6896861)
  Geocoding: Cifra Palace, Kecskemet, Hungary...
    ✓ Fixed: (46.908446, 19.6947823)
  Geocoding: József Katona Theatre, Kecskemet, Hungary...
    ✓ Fixed: (46.9055405, 19.6930599)
  Geocoding: Hungarian Photography Museum, Kecskemet, Hungary...
    ✓ Fixed: (46.9052726, 19.6944615)
  Geocoding: Toy Museum, Kecskemet, Hungary...
    ✓ Fixed: (46.8963711, 19.6896861)
  Geocoding: Zwack Pálinka Distillery, Kecskemet, Hungary...
    ✓ Fixed: (46.8963711, 19.6896861)
  Geocoding: Kecskemét Arboretum, Kecskemet, Hungary...
    ✓ Fixed: (46.9143334, 19.6510121)
  Saved 8 fixes to KecskemetAttractions.swift

Processing: FertodAttractions.swift
  Geocoding: Esterházy Palace, Fertod, Hungary...
    ✓ Fixed: (47.6204767, 16.8718409)
  Geocoding: Baroque Gardens, Fertod, Hungary...
    ✓ Fixed: (47.61818, 16.8741418)
  Geocoding: Music Room, Fertod, Hungary...
    ✓ Fixed: (47.61818, 16.8741418)
  Geocoding: Marionette Theatre, Fertod, Hungary...
    ✓ Fixed: (47.61818, 16.8741418)
  Saved 4 fixes to FertodAttractions.swift

Processing: VacAttractions.swift
  Geocoding: Triumphal Arch, Vac, Hungary...
    ✓ Fixed: (47.7836678, 19.1221195)
  Geocoding: Cathedral of Vác, Vac, Hungary...
    ✓ Fixed: (47.7759428, 19.1311931)
  Geocoding: Main Square, Vac, Hungary...
    ✓ Fixed: (47.7841803, 19.1351781)
  Geocoding: Memento Mori Exhibition, Vac, Hungary...
    ✓ Fixed: (47.7841803, 19.1351781)
  Geocoding: Danube Promenade, Vac, Hungary...
    ✓ Fixed: (47.7841803, 19.1351781)
  Geocoding: Church of the White Friars, Vac, Hungary...
    ✓ Fixed: (47.7841803, 19.1351781)
  Saved 6 fixes to VacAttractions.swift

Processing: GyulaAttractions.swift
  Geocoding: Gyula Castle, Gyula, Hungary...
    ✓ Fixed: (46.645789, 21.2856821)
  Geocoding: Castle Bath, Gyula, Hungary...
    ✓ Fixed: (46.6473027, 21.2784255)
  Geocoding: Almásy Castle, Gyula, Hungary...
    ✓ Fixed: (46.644269, 21.2843251)
  Geocoding: Erkel Ferenc Museum, Gyula, Hungary...
    ✓ Fixed: (46.64617, 21.2841)
  Geocoding: Hundred-Year-Old Bakery, Gyula, Hungary...
    ✓ Fixed: (46.6473027, 21.2784255)
  Saved 5 fixes to GyulaAttractions.swift

Processing: SzegedAttractions.swift
  Geocoding: Votive Church, Szeged, Hungary...
    ✓ Fixed: (46.2470223, 20.1677334)
  Geocoding: Dom Square, Szeged, Hungary...
    ✓ Fixed: (46.2483682, 20.1493573)
  Geocoding: Szeged Open-Air Festival Venue, Szeged, Hungary...
    ✓ Fixed: (46.2488442, 20.1491858)
  Geocoding: Reök Palace, Szeged, Hungary...
    ✓ Fixed: (46.2515055, 20.1453936)
  Geocoding: Móra Ferenc Museum, Szeged, Hungary...
    ✓ Fixed: (46.2522808, 20.1520786)
  Geocoding: Anna Baths, Szeged, Hungary...
    ✓ Fixed: (46.2561341, 20.150063)
  Geocoding: Dugonics Square, Szeged, Hungary...
    ✓ Fixed: (46.2503281, 20.1457748)
  Geocoding: New Synagogue, Szeged, Hungary...
    ✓ Fixed: (46.2538268, 20.1426639)
  Geocoding: Old Synagogue, Szeged, Hungary...
    ✓ Fixed: (46.2530102, 20.1414253)
  Geocoding: Heroes' Gate, Szeged, Hungary...
    ✓ Fixed: (46.2472067, 20.1465992)
  Geocoding: Town Hall, Szeged, Hungary...
    ✓ Fixed: (46.2530102, 20.1414253)
  Geocoding: Pick Salami Museum, Szeged, Hungary...
    ✓ Fixed: (46.256474, 20.159408)
  Geocoding: Tisza River, Szeged, Hungary...
    ✓ Fixed: (46.2530102, 20.1414253)
  Geocoding: Szeged Zoo, Szeged, Hungary...
    ✓ Fixed: (46.2518795, 20.1182929)
  Saved 14 fixes to SzegedAttractions.swift

Processing: BudapestAttractions.swift
  Geocoding: Buda Castle, Budapest, Hungary...
    ✓ Fixed: (47.4962048, 19.0395666)
  Geocoding: Royal Palace, Budapest, Hungary...
    ✓ Fixed: (47.4962048, 19.0395666)
  Geocoding: Hungarian National Gallery, Budapest, Hungary...
    ✓ Fixed: (47.49626929999999, 19.0398156)
  Geocoding: Budapest History Museum, Budapest, Hungary...
    ✓ Fixed: (47.49515539999999, 19.0402842)
  Geocoding: Castle Garden Bazaar, Budapest, Hungary...
    ✓ Fixed: (47.4953569, 19.0424286)
  Geocoding: Fisherman's Bastion, Budapest, Hungary...
    ✓ Fixed: (47.5021827, 19.0347813)
  Geocoding: Matthias Church, Budapest, Hungary...
    ✓ Fixed: (47.5019537, 19.0341617)
  Geocoding: Trinity Square, Budapest, Hungary...
    ✓ Fixed: (47.5019157, 19.0336769)
  Geocoding: Hospital in the Rock, Budapest, Hungary...
    ✓ Fixed: (47.5008483, 19.0313593)
  Geocoding: Labyrinth of Buda Castle, Budapest, Hungary...
    ✓ Fixed: (47.5001434, 19.0341984)
  Geocoding: Gellért Hill, Budapest, Hungary...
    ✓ Fixed: (47.48638889999999, 19.0411111)
  Geocoding: Citadella, Budapest, Hungary...
    ✓ Fixed: (47.4870193, 19.0460648)
  Geocoding: Liberty Statue, Budapest, Hungary...
    ✓ Fixed: (47.4867783, 19.0480498)
  Geocoding: Gellért Thermal Bath, Budapest, Hungary...
    ✓ Fixed: (47.4837444, 19.0516211)
  Geocoding: Hungarian Parliament Building, Budapest, Hungary...
    ✓ Fixed: (47.507121, 19.045669)
  Geocoding: Shoes on the Danube Bank, Budapest, Hungary...
    ✓ Fixed: (47.50392739999999, 19.0448015)
  Geocoding: Chain Bridge, Budapest, Hungary...
    ✓ Fixed: (47.4989928, 19.0436994)
  Geocoding: St. Stephen's Basilica, Budapest, Hungary...
    ✓ Fixed: (47.5008902, 19.0539887)
  Geocoding: Hungarian State Opera House, Budapest, Hungary...
    ✓ Fixed: (47.5027169, 19.0583076)
  Geocoding: Andrássy Avenue, Budapest, Hungary...
    ✓ Fixed: (47.5024751, 19.0592498)
  Geocoding: Heroes' Square, Budapest, Hungary...
    ✓ Fixed: (47.5149429, 19.0778626)
  Geocoding: Millennium Monument, Budapest, Hungary...
    ✓ Fixed: (47.515192, 19.0781554)
  Geocoding: Museum of Fine Arts, Budapest, Hungary...
    ✓ Fixed: (47.5158038, 19.0768998)
  Geocoding: House of Terror, Budapest, Hungary...
    ✓ Fixed: (47.5068935, 19.0651261)
  Geocoding: Franz Liszt Memorial Museum, Budapest, Hungary...
    ✓ Fixed: (47.50691339999999, 19.066522)
  Geocoding: City Park, Budapest, Hungary...
    ✓ Fixed: (47.514292, 19.085244)
  Geocoding: Vajdahunyad Castle, Budapest, Hungary...
    ✓ Fixed: (47.5148896, 19.0830593)
  Geocoding: Széchenyi Thermal Bath, Budapest, Hungary...
    ✓ Fixed: (47.5186568, 19.0823791)
  Geocoding: Budapest Zoo, Budapest, Hungary...
    ✓ Fixed: (47.5189977, 19.0776433)
  Geocoding: Hungarian Agricultural Museum, Budapest, Hungary...
    ✓ Fixed: (47.5150303, 19.0830669)
  Geocoding: Margaret Island, Budapest, Hungary...
    ✓ Fixed: (47.527607, 19.0469599)
  Geocoding: Palatinus Strand, Budapest, Hungary...
    ✓ Fixed: (47.527952, 19.0469677)
  Geocoding: Japanese Garden, Budapest, Hungary...
    ✓ Fixed: (47.534504, 19.051383)
  Geocoding: Musical Fountain, Budapest, Hungary...
    ✓ Fixed: (47.5352585, 19.0521108)
  Geocoding: Central Market Hall, Budapest, Hungary...
    ✓ Fixed: (47.4870848, 19.058493)
  Geocoding: Váci Street, Budapest, Hungary...
    ✓ Fixed: (47.4918902, 19.0538414)
  Geocoding: Vörösmarty Square, Budapest, Hungary...
    ✓ Fixed: (47.4964835, 19.0507033)
  Geocoding: Gerbeaud Café, Budapest, Hungary...
    ✓ Fixed: (47.49696400000001, 19.0502535)
  Geocoding: Dohány Street Synagogue, Budapest, Hungary...
    ✓ Fixed: (47.4959071, 19.0606139)
  Geocoding: Jewish Quarter, Budapest, Hungary...
    ✓ Fixed: (47.497912, 19.040235)
  Geocoding: Ruin Bars, Budapest, Hungary...
    ✗ Pattern not found
  Geocoding: Hungarian National Museum, Budapest, Hungary...
    ✓ Fixed: (47.4911983, 19.0624765)
  Geocoding: Applied Arts Museum, Budapest, Hungary...
    ✓ Fixed: (47.486119, 19.0682847)
  Geocoding: Danube Promenade, Budapest, Hungary...
    ✓ Fixed: (47.4941791, 19.0494143)
  Geocoding: Elisabeth Bridge, Budapest, Hungary...
    ✓ Fixed: (47.4908824, 19.0491978)
  Geocoding: Liberty Bridge, Budapest, Hungary...
    ✓ Fixed: (47.4857618, 19.0550767)
  Geocoding: Rudas Thermal Bath, Budapest, Hungary...
    ✓ Fixed: (47.4890919, 19.0478361)
  Geocoding: Király Thermal Bath, Budapest, Hungary...
    ✓ Fixed: (47.5105556, 19.0380556)
  Geocoding: Lukács Thermal Bath, Budapest, Hungary...
    ✓ Fixed: (47.51728480000001, 19.0365533)
  Geocoding: Aquincum Roman Ruins, Budapest, Hungary...
    ✓ Fixed: (47.5407359, 19.0400544)
  Geocoding: Óbuda, Budapest, Hungary...
    ✓ Fixed: (47.552758, 19.040042)
  Geocoding: Pálvölgyi Cave, Budapest, Hungary...
    ✓ Fixed: (47.5328767, 19.0161206)
  Geocoding: Szemlő-hegyi Cave, Budapest, Hungary...
    ✓ Fixed: (47.5283741, 19.0256816)
  Geocoding: Memento Park, Budapest, Hungary...
    ✓ Fixed: (47.4263652, 18.9989299)
  Geocoding: Hungarian Railway Museum, Budapest, Hungary...
    ✓ Fixed: (47.54245239999999, 19.0956518)
  Geocoding: Tropicarium, Budapest, Hungary...
    ✓ Fixed: (47.4078293, 19.0180261)
  Geocoding: Children's Railway, Budapest, Hungary...
    ✓ Fixed: (47.4941147, 18.9769801)
  Geocoding: Elisabeth Lookout Tower, Budapest, Hungary...
    ✓ Fixed: (47.5181968, 18.9593825)
  Geocoding: Normafa, Budapest, Hungary...
    ✓ Fixed: (47.5014022, 18.9793849)
  Geocoding: Buda Hills, Budapest, Hungary...
    ✓ Fixed: (47.5014928, 19.0336045)
  Saved 59 fixes to BudapestAttractions.swift

Processing: PannonhalmaAttractions.swift
  Geocoding: Pannonhalma Archabbey, Pannonhalma, Hungary...
    ✓ Fixed: (47.55287550000001, 17.7603787)
  Geocoding: Abbey Library, Pannonhalma, Hungary...
    ✓ Fixed: (47.549497, 17.7552412)
  Geocoding: Abbey Arboretum, Pannonhalma, Hungary...
    ✓ Fixed: (47.549497, 17.7552412)
  Geocoding: Abbey Winery, Pannonhalma, Hungary...
    ✓ Fixed: (47.549497, 17.7552412)
  Saved 4 fixes to PannonhalmaAttractions.swift

Processing: SzentendreAttractions.swift
  Geocoding: Main Square, Szentendre, Hungary...
    ✓ Fixed: (47.6795337, 19.0668602)
  Geocoding: Blagovestenska Church, Szentendre, Hungary...
    ✓ Fixed: (47.6677972, 19.0765861)
  Geocoding: Margit Kovács Museum, Szentendre, Hungary...
    ✓ Fixed: (47.6676643, 19.0771477)
  Geocoding: Marzipan Museum, Szentendre, Hungary...
    ✓ Fixed: (47.6663702, 19.0764559)
  Geocoding: Hungarian Open Air Museum, Szentendre, Hungary...
    ✓ Fixed: (47.69226880000001, 19.0454113)
  Geocoding: Barcsay Collection, Szentendre, Hungary...
    ✓ Fixed: (47.6701676, 19.0579668)
  Geocoding: Serbian Orthodox Church, Szentendre, Hungary...
    ✓ Fixed: (47.6713917, 19.0781133)
  Geocoding: Ferenczy Museum, Szentendre, Hungary...
    ✓ Fixed: (47.6643155, 19.0758292)
  Geocoding: Art Galleries, Szentendre, Hungary...
    ✓ Fixed: (47.6795337, 19.0668602)
  Geocoding: Wine Museum, Szentendre, Hungary...
    ✓ Fixed: (47.6688134, 19.0769661)
  Saved 10 fixes to SzentendreAttractions.swift

Processing: DebrecenAttractions.swift
  Geocoding: Great Reformed Church, Debrecen, Hungary...
    ✓ Fixed: (47.53207870000001, 21.6243388)
  Geocoding: Déri Museum, Debrecen, Hungary...
    ✓ Fixed: (47.532891, 21.6220829)
  Geocoding: Déri Square, Debrecen, Hungary...
    ✓ Fixed: (47.5328497, 21.6216322)
  Geocoding: Reformed College, Debrecen, Hungary...
    ✓ Fixed: (47.53313319999999, 21.6243652)
  Geocoding: Oratory Library, Debrecen, Hungary...
    ✓ Fixed: (47.5288879, 21.6254485)
  Geocoding: Great Forest, Debrecen, Hungary...
    ✓ Fixed: (47.5527433, 21.6197697)
  Geocoding: Aquaticum Spa, Debrecen, Hungary...
    ✓ Fixed: (47.5529538, 21.6296895)
  Geocoding: Debrecen Zoo, Debrecen, Hungary...
    ✓ Fixed: (47.5524, 21.6334)
  Geocoding: MODEM Modern Art Museum, Debrecen, Hungary...
    ✓ Fixed: (47.5334168, 21.621543)
  Geocoding: Timár House, Debrecen, Hungary...
    ✓ Fixed: (47.5246217, 21.6314135)
  Geocoding: Old City Hall, Debrecen, Hungary...
    ✓ Fixed: (47.5288879, 21.6254485)
  Geocoding: Hortobágy National Park, Debrecen, Hungary...
    ✓ Fixed: (47.5268699, 21.6323142)
  Geocoding: Nine-Arched Bridge, Debrecen, Hungary...
    ✓ Fixed: (47.5288879, 21.6254485)
  Geocoding: Hortobágy Inn, Debrecen, Hungary...
    ✓ Fixed: (47.535957, 21.6147523)
  Geocoding: Puszta Horse Shows, Debrecen, Hungary...
    ✓ Fixed: (47.5288879, 21.6254485)
  Saved 15 fixes to DebrecenAttractions.swift

Processing: SopronAttractions.swift
  Geocoding: Fire Tower, Sopron, Hungary...
    ✓ Fixed: (47.6867864, 16.5913194)
  Geocoding: Main Square, Sopron, Hungary...
    ✓ Fixed: (47.686389, 16.5909514)
  Geocoding: Goat Church, Sopron, Hungary...
    ✓ Fixed: (47.6861314, 16.5904526)
  Geocoding: Storno House, Sopron, Hungary...
    ✓ Fixed: (47.6865563, 16.5908075)
  Geocoding: Fabricius House, Sopron, Hungary...
    ✓ Fixed: (47.6856385, 16.5912705)
  Geocoding: Old Synagogue, Sopron, Hungary...
    ✓ Fixed: (47.684973, 16.590484)
  Geocoding: Lővérek Hills, Sopron, Hungary...
    ✓ Fixed: (47.6743503, 16.5822107)
  Geocoding: Károly Lookout Tower, Sopron, Hungary...
    ✓ Fixed: (47.68166189999999, 16.5844795)
  Geocoding: Lake Fertő, Sopron, Hungary...
    ✓ Fixed: (47.68166189999999, 16.5844795)
  Saved 9 fixes to SopronAttractions.swift

Processing: TihanyAttractions.swift
  Geocoding: Tihany Abbey, Tihany, Hungary...
    ✓ Fixed: (46.9139572, 17.8895078)
  Geocoding: Echo Hill, Tihany, Hungary...
    ✓ Fixed: (46.9172952, 17.8883173)
  Geocoding: Lavender Fields, Tihany, Hungary...
    ✓ Fixed: (46.9203103, 17.8661892)
  Geocoding: Open-Air Museum, Tihany, Hungary...
    ✓ Fixed: (46.91412400000001, 17.887425)
  Geocoding: Inner Lake, Tihany, Hungary...
    ✓ Fixed: (46.91412400000001, 17.887425)
  Saved 5 fixes to TihanyAttractions.swift

Processing: VisegradAttractions.swift
  Geocoding: Visegrád Citadel, Visegrad, Hungary...
    ✓ Fixed: (47.7937484, 18.9804442)
  Geocoding: Royal Palace, Visegrad, Hungary...
    ✓ Fixed: (47.791467, 18.9743897)
  Geocoding: Solomon Tower, Visegrad, Hungary...
    ✓ Fixed: (47.7962818, 18.9772438)
  Geocoding: Danube Bend Views, Visegrad, Hungary...
    ✓ Fixed: (47.7872335, 18.9795339)
  Geocoding: Bob Track, Visegrad, Hungary...
    ✓ Fixed: (47.7860776, 18.967452)
  Geocoding: Canopy Walkway, Visegrad, Hungary...
    ✓ Fixed: (47.7860776, 18.967452)
  Saved 6 fixes to VisegradAttractions.swift

Processing: BadacsonyAttractions.swift
  Geocoding: Badacsony Wine Region, Badacsony, Hungary...
    ✓ Fixed: (46.7874032, 17.5056789)
  Geocoding: Basalt Columns, Badacsony, Hungary...
    ✓ Fixed: (46.7874032, 17.5056789)
  Geocoding: Badacsony Mountain, Badacsony, Hungary...
    ✓ Fixed: (46.7874032, 17.5056789)
  Geocoding: Rose Stone, Badacsony, Hungary...
    ✓ Fixed: (46.7874032, 17.5056789)
  Saved 4 fixes to BadacsonyAttractions.swift

Processing: SiofokAttractions.swift
  Geocoding: Golden Beach, Siofok, Hungary...
    ✓ Fixed: (46.9194251, 18.0769798)
  Geocoding: Siófok Water Tower, Siofok, Hungary...
    ✓ Fixed: (46.9057773, 18.0522725)
  Geocoding: Imre Kálmán Memorial House, Siofok, Hungary...
    ✓ Fixed: (46.9090603, 18.0746239)
  Saved 3 fixes to SiofokAttractions.swift

Processing: KalocsaAttractions.swift
  Geocoding: Archbishop's Palace, Kalocsa, Hungary...
    ✓ Fixed: (46.5281229, 18.9840376)
  Geocoding: Kalocsa Cathedral, Kalocsa, Hungary...
    ✓ Fixed: (46.5300053, 18.9733776)
  Geocoding: Paprika Museum, Kalocsa, Hungary...
    ✓ Fixed: (46.5315874, 18.9793965)
  Geocoding: Embroidery Workshop, Kalocsa, Hungary...
    ✓ Fixed: (46.5281229, 18.9840376)
  Geocoding: Viski Károly Museum, Kalocsa, Hungary...
    ✓ Fixed: (46.5275293, 18.9757822)
  Saved 5 fixes to KalocsaAttractions.swift

Processing: EgerAttractions.swift
  Geocoding: Eger Castle, Eger, Hungary...
    ✓ Fixed: (47.9045098, 20.3799052)
  Geocoding: Minaret of Eger, Eger, Hungary...
    ✓ Fixed: (47.9046488, 20.3764281)
  Geocoding: Lyceum, Eger, Hungary...
    ✓ Fixed: (47.9003104, 20.3756056)
  Geocoding: Camera Obscura, Eger, Hungary...
    ✓ Fixed: (47.8998612, 20.3752407)
  Geocoding: Astronomical Museum, Eger, Hungary...
    ✓ Fixed: (47.8998612, 20.3752407)
  Geocoding: Basilica of Eger, Eger, Hungary...
    ✓ Fixed: (47.899544, 20.3737546)
  Geocoding: Dobó Square, Eger, Hungary...
    ✓ Fixed: (47.9024113, 20.3768565)
  Geocoding: Archbishop's Palace, Eger, Hungary...
    ✓ Fixed: (47.900709, 20.3735932)
  Geocoding: Valley of the Beautiful Women, Eger, Hungary...
    ✓ Fixed: (47.89020379999999, 20.3589861)
  Geocoding: Turkish Bath, Eger, Hungary...
    ✓ Fixed: (47.8984167, 20.3822763)
  Geocoding: Eger Thermal Bath, Eger, Hungary...
    ✓ Fixed: (47.89895749999999, 20.3818409)
  Geocoding: Kopcsik Marzipan Museum, Eger, Hungary...
    ✓ Fixed: (47.9064828, 20.3724963)
  Saved 12 fixes to EgerAttractions.swift

Processing: MiskolcAttractions.swift
  Geocoding: Cave Bath, Miskolc, Hungary...
    ✓ Fixed: (48.0602161, 20.7450941)
  Geocoding: Lillafüred, Miskolc, Hungary...
    ✓ Fixed: (48.1049667, 20.622593)
  Geocoding: Anna Cave, Miskolc, Hungary...
    ✓ Fixed: (48.105142, 20.6249632)
  Geocoding: István Cave, Miskolc, Hungary...
    ✓ Fixed: (48.0997006, 20.621389)
  Geocoding: Hanging Gardens, Miskolc, Hungary...
    ✓ Fixed: (48.1043333, 20.7913396)
  Geocoding: Palace Hotel, Miskolc, Hungary...
    ✓ Fixed: (48.1043333, 20.7913396)
  Geocoding: Diósgyőr Castle, Miskolc, Hungary...
    ✓ Fixed: (48.0978111, 20.6894152)
  Geocoding: Avas Hill, Miskolc, Hungary...
    ✓ Fixed: (48.0814679, 20.7808479)
  Geocoding: Otto Herman Museum, Miskolc, Hungary...
    ✓ Fixed: (48.095462, 20.78549)
  Geocoding: Minorite Church, Miskolc, Hungary...
    ✓ Fixed: (48.1043333, 20.7913396)
  Geocoding: Bükk National Park, Miskolc, Hungary...
    ✓ Fixed: (48.0556308, 20.4037901)
  Saved 11 fixes to MiskolcAttractions.swift

Processing: TokajAttractions.swift
  Geocoding: Tokaj Wine Region, Tokaj, Hungary...
    ✓ Fixed: (48.1172148, 21.4089015)
  Geocoding: Rákóczi Cellar, Tokaj, Hungary...
    ✓ Fixed: (48.1236822, 21.4107218)
  Geocoding: Tokaj Museum, Tokaj, Hungary...
    ✓ Fixed: (48.1265717, 21.4082121)
  Geocoding: Great Synagogue, Tokaj, Hungary...
    ✓ Fixed: (48.1172148, 21.4089015)
  Geocoding: Tokaj Hill, Tokaj, Hungary...
    ✓ Fixed: (48.1172148, 21.4089015)
  Geocoding: Bodrog River Confluence, Tokaj, Hungary...
    ✓ Fixed: (48.1172148, 21.4089015)
  Saved 6 fixes to TokajAttractions.swift

Processing: GyorAttractions.swift
  Geocoding: Basilica of Győr, Gyor, Hungary...
    ✓ Fixed: (47.6889035, 17.6311296)
  Geocoding: Cathedral Treasury, Gyor, Hungary...
    ✓ Fixed: (47.6874569, 17.6503974)
  Geocoding: Széchenyi Square, Gyor, Hungary...
    ✓ Fixed: (47.68824009999999, 17.6343806)
  Geocoding: Ark of the Covenant Statue, Gyor, Hungary...
    ✓ Fixed: (47.6874569, 17.6503974)
  Geocoding: Bishop's Castle, Gyor, Hungary...
    ✓ Fixed: (47.6874569, 17.6503974)
  Geocoding: Carmelite Church, Gyor, Hungary...
    ✓ Fixed: (47.6874569, 17.6503974)
  Geocoding: Benedictine Church, Gyor, Hungary...
    ✓ Fixed: (47.6874569, 17.6503974)
  Geocoding: Rába Quelle Thermal Bath, Gyor, Hungary...
    ✓ Fixed: (47.68927069999999, 17.6268054)
  Geocoding: Iron Rooster House, Gyor, Hungary...
    ✓ Fixed: (47.6688302, 17.64866)
  Geocoding: Esterházy Palace, Gyor, Hungary...
    ✓ Fixed: (47.6874569, 17.6503974)
  Geocoding: János Xantus Museum, Gyor, Hungary...
    ✓ Fixed: (47.6887847, 17.6345583)
  Geocoding: Rába River Confluence, Gyor, Hungary...
    ✓ Fixed: (47.6874569, 17.6503974)
  Geocoding: Baross Gábor Street, Gyor, Hungary...
    ✓ Fixed: (47.5188423, 17.1693218)
  Saved 13 fixes to GyorAttractions.swift

Processing: BalatonfuredAttractions.swift
  Geocoding: Tagore Promenade, Balatonfured, Hungary...
    ✓ Fixed: (46.9550281, 17.8975474)
  Geocoding: Jókai Memorial House, Balatonfured, Hungary...
    ✓ Fixed: (46.9599039, 17.8851202)
  Geocoding: Round Church, Balatonfured, Hungary...
    ✓ Fixed: (46.9599039, 17.8851202)
  Geocoding: State Heart Hospital, Balatonfured, Hungary...
    ✓ Fixed: (46.956298, 17.8958844)
  Saved 4 fixes to BalatonfuredAttractions.swift

============================================================
TOTAL FIXED: 721 attractions
============================================================
