Starting Unified Geocoding Process...
Scanning Switzerland...
Processing NeuchatelAttractions.swift...
 Geocoding 'Neuchatel' in Neuchatel, Switzerland...
  Error searching 'Neuchatel, Neuchatel, Switzerland': <urlopen error [Errno 61] Connection refused>
  Error searching 'Neuchatel, Switzerland': <urlopen error [Errno 61] Connection refused>
  Error searching 'Neuchatel': <urlopen error [Errno 61] Connection refused>
  FAILED to find: Neuchatel
 Geocoding 'Neuchâtel Old Town' in Neuchatel, Switzerland...
  Error searching 'Neuchâtel Old Town, Neuchatel, Switzerland': <urlopen error [Errno 61] Connection refused>
  Error searching 'Neuchâtel Old Town, Switzerland': <urlopen error [Errno 61] Connection refused>
  Error searching 'Neuchâtel Old Town': <urlopen error [Errno 61] Connection refused>
  FAILED to find: Neuchâtel Old Town
 Geocoding 'Neuchâtel Castle' in Neuchatel, Switzerland...
  Error searching 'Neuchâtel Castle, Neuchatel, Switzerland': <urlopen error [Errno 61] Connection refused>
  Error searching 'Neuchâtel Castle, Switzerland': <urlopen error [Errno 61] Connection refused>
  Error searching 'Neuchâtel Castle': <urlopen error [Errno 61] Connection refused>
  FAILED to find: Neuchâtel Castle
 Geocoding 'Collegiate Church' in Neuchatel, Switzerland...
  Error searching 'Collegiate Church, Neuchatel, Switzerland': <urlopen error [Errno 61] Connection refused>
  Error searching 'Collegiate Church, Switzerland': <urlopen error [Errno 61] Connection refused>
  Error searching 'Collegiate Church': <urlopen error [Errno 61] Connection refused>
