Processing /Users/erders/Documents/TravelTap/TravelTap/Data/Countries/Europe/Poland/Cities/CzestochowaAttractions.swift...
 Geocoding 'Czestochowa' in Czestochowa...
  Error searching 'Czestochowa, Czestochowa, Poland': HTTP Error 403: Forbidden
  Error searching 'Czestochowa, Poland': HTTP Error 403: Forbidden
  Error searching 'Czestochowa': HTTP Error 403: Forbidden
  FAILED to find: Czestochowa
 Geocoding 'Jasna Góra Monastery' in Czestochowa...
  Error searching 'Jasna Góra Monastery, Czestochowa, Poland': HTTP Error 403: Forbidden
  Error searching 'Jasna Góra Monastery, Poland': HTTP Error 403: Forbidden
  Error searching 'Jasna Góra Monastery': HTTP Error 403: Forbidden
  FAILED to find: Jasna Góra Monastery
 Geocoding 'Black Madonna of Częstochowa' in Czestochowa...
  Error searching 'Black Madonna of Częstochowa, Czestochowa, Poland': HTTP Error 403: Forbidden
  Error searching 'Black Madonna of Częstochowa, Poland': HTTP Error 403: Forbidden
  Error searching 'Black Madonna of Częstochowa': HTTP Error 403: Forbidden
  FAILED to find: Black Madonna of Częstochowa
 Geocoding 'Chapel of Our Lady' in Czestochowa...
  Error searching 'Chapel of Our Lady, Czestochowa, Poland': HTTP Error 403: Forbidden
  Error searching 'Chapel of Our Lady, Poland': HTTP Error 403: Forbidden
  Error searching 'Chapel of Our Lady': HTTP Error 403: Forbidden
  FAILED to find: Chapel of Our Lady
 Geocoding 'Treasury' in Czestochowa...
  Error searching 'Treasury, Czestochowa, Poland': HTTP Error 403: Forbidden
  Error searching 'Treasury, Poland': HTTP Error 403: Forbidden
  Error searching 'Treasury': HTTP Error 403: Forbidden
  FAILED to find: Treasury
 Geocoding 'Arsenal' in Czestochowa...
  Error searching 'Arsenal, Czestochowa, Poland': HTTP Error 403: Forbidden
  Error searching 'Arsenal, Poland': HTTP Error 403: Forbidden
  Error searching 'Arsenal': HTTP Error 403: Forbidden
  FAILED to find: Arsenal
 Geocoding 'Stations of the Cross' in Czestochowa...
  Error searching 'Stations of the Cross, Czestochowa, Poland': HTTP Error 403: Forbidden
  Error searching 'Stations of the Cross, Poland': HTTP Error 403: Forbidden
  Error searching 'Stations of the Cross': HTTP Error 403: Forbidden
  FAILED to find: Stations of the Cross
Processing /Users/erders/Documents/TravelTap/TravelTap/Data/Countries/Europe/Poland/Cities/KalwariaZebrzydowskaAttractions.swift...
 Geocoding 'Kalwaria Zebrzydowska' in Kalwaria Zebrzydowska...
  Error searching 'Kalwaria Zebrzydowska, Kalwaria Zebrzydowska, Poland': HTTP Error 403: Forbidden
  Error searching 'Kalwaria Zebrzydowska, Poland': HTTP Error 403: Forbidden
  Error searching 'Kalwaria Zebrzydowska': HTTP Error 403: Forbidden
  FAILED to find: Kalwaria Zebrzydowska
 Geocoding 'Kalwaria Zebrzydowska' in Kalwaria Zebrzydowska...
  Error searching 'Kalwaria Zebrzydowska, Kalwaria Zebrzydowska, Poland': HTTP Error 403: Forbidden
  Error searching 'Kalwaria Zebrzydowska, Poland': HTTP Error 403: Forbidden
  Error searching 'Kalwaria Zebrzydowska': HTTP Error 403: Forbidden
  FAILED to find: Kalwaria Zebrzydowska
 Geocoding 'Pilgrimage Park' in Kalwaria Zebrzydowska...
  Error searching 'Pilgrimage Park, Kalwaria Zebrzydowska, Poland': HTTP Error 403: Forbidden
  Error searching 'Pilgrimage Park, Poland': HTTP Error 403: Forbidden
  Error searching 'Pilgrimage Park': HTTP Error 403: Forbidden
  FAILED to find: Pilgrimage Park
 Geocoding 'Bernardine Monastery' in Kalwaria Zebrzydowska...
  Error searching 'Bernardine Monastery, Kalwaria Zebrzydowska, Poland': HTTP Error 403: Forbidden
  Error searching 'Bernardine Monastery, Poland': HTTP Error 403: Forbidden
  Error searching 'Bernardine Monastery': HTTP Error 403: Forbidden
  FAILED to find: Bernardine Monastery
 Geocoding 'Calvary Paths' in Kalwaria Zebrzydowska...
  Error searching 'Calvary Paths, Kalwaria Zebrzydowska, Poland': HTTP Error 403: Forbidden
  Error searching 'Calvary Paths, Poland': HTTP Error 403: Forbidden
  Error searching 'Calvary Paths': HTTP Error 403: Forbidden
  FAILED to find: Calvary Paths
Processing /Users/erders/Documents/TravelTap/TravelTap/Data/Countries/Europe/Poland/Cities/BialowiezaAttractions.swift...
 Geocoding 'Bialowieza' in Bialowieza...
  Error searching 'Bialowieza, Bialowieza, Poland': HTTP Error 403: Forbidden
  Error searching 'Bialowieza, Poland': HTTP Error 403: Forbidden
  Error searching 'Bialowieza': HTTP Error 403: Forbidden
  FAILED to find: Bialowieza
 Geocoding 'Białowieża Forest' in Bialowieza...
  Error searching 'Białowieża Forest, Bialowieza, Poland': HTTP Error 403: Forbidden
  Error searching 'Białowieża Forest, Poland': HTTP Error 403: Forbidden
  Error searching 'Białowieża Forest': HTTP Error 403: Forbidden
  FAILED to find: Białowieża Forest
 Geocoding 'Strict Reserve' in Bialowieza...
  Error searching 'Strict Reserve, Bialowieza, Poland': HTTP Error 403: Forbidden
  Error searching 'Strict Reserve, Poland': HTTP Error 403: Forbidden
  Error searching 'Strict Reserve': HTTP Error 403: Forbidden
  FAILED to find: Strict Reserve
 Geocoding 'European Bison Reserve' in Bialowieza...
  Error searching 'European Bison Reserve, Bialowieza, Poland': HTTP Error 403: Forbidden
  Error searching 'European Bison Reserve, Poland': HTTP Error 403: Forbidden
  Error searching 'European Bison Reserve': HTTP Error 403: Forbidden
  FAILED to find: European Bison Reserve
 Geocoding 'Palace Park' in Bialowieza...
  Error searching 'Palace Park, Bialowieza, Poland': [Errno 54] Connection reset by peer
  Error searching 'Palace Park, Poland': HTTP Error 403: Forbidden
  Error searching 'Palace Park': [Errno 54] Connection reset by peer
  FAILED to find: Palace Park
 Geocoding 'Natural History Museum' in Bialowieza...
  Error searching 'Natural History Museum, Bialowieza, Poland': HTTP Error 403: Forbidden
  Error searching 'Natural History Museum, Poland': HTTP Error 403: Forbidden
  Error searching 'Natural History Museum': HTTP Error 403: Forbidden
  FAILED to find: Natural History Museum
 Geocoding 'Bison Show Reserve' in Bialowieza...
  Error searching 'Bison Show Reserve, Bialowieza, Poland': HTTP Error 403: Forbidden
  Error searching 'Bison Show Reserve, Poland': HTTP Error 403: Forbidden
  Error searching 'Bison Show Reserve': HTTP Error 403: Forbidden
  FAILED to find: Bison Show Reserve
Processing /Users/erders/Documents/TravelTap/TravelTap/Data/Countries/Europe/Poland/Cities/LodzAttractions.swift...
Processing /Users/erders/Documents/TravelTap/TravelTap/Data/Countries/Europe/Poland/Cities/MalborkAttractions.swift...
Processing /Users/erders/Documents/TravelTap/TravelTap/Data/Countries/Europe/Poland/Cities/WroclawAttractions.swift...
Processing /Users/erders/Documents/TravelTap/TravelTap/Data/Countries/Europe/Poland/Cities/AuschwitzBirkenauAttractions.swift...
Processing /Users/erders/Documents/TravelTap/TravelTap/Data/Countries/Europe/Poland/Cities/MasurianLakesAttractions.swift...
Processing /Users/erders/Documents/TravelTap/TravelTap/Data/Countries/Europe/Poland/Cities/PoznanAttractions.swift...
Processing /Users/erders/Documents/TravelTap/TravelTap/Data/Countries/Europe/Poland/Cities/SopotAttractions.swift...
Processing /Users/erders/Documents/TravelTap/TravelTap/Data/Countries/Europe/Poland/Cities/TatraMountainsAttractions.swift...
Processing /Users/erders/Documents/TravelTap/TravelTap/Data/Countries/Europe/Poland/Cities/WoodenChurchesAttractions.swift...
Processing /Users/erders/Documents/TravelTap/TravelTap/Data/Countries/Europe/Poland/Cities/ZakopaneAttractions.swift...
Processing /Users/erders/Documents/TravelTap/TravelTap/Data/Countries/Europe/Poland/Cities/TorunAttractions.swift...
Processing /Users/erders/Documents/TravelTap/TravelTap/Data/Countries/Europe/Poland/Cities/BieszczadyMountainsAttractions.swift...
Processing /Users/erders/Documents/TravelTap/TravelTap/Data/Countries/Europe/Poland/Cities/WarsawAttractions.swift...
Processing /Users/erders/Documents/TravelTap/TravelTap/Data/Countries/Europe/Poland/Cities/GdyniaAttractions.swift...
Processing /Users/erders/Documents/TravelTap/TravelTap/Data/Countries/Europe/Poland/Cities/KrakowAttractions.swift...
Processing /Users/erders/Documents/TravelTap/TravelTap/Data/Countries/Europe/Poland/Cities/SzczecinAttractions.swift...
Processing /Users/erders/Documents/TravelTap/TravelTap/Data/Countries/Europe/Poland/Cities/GdanskAttractions.swift...
Processing /Users/erders/Documents/TravelTap/TravelTap/Data/Countries/Europe/Poland/Cities/LublinAttractions.swift...
Processing /Users/erders/Documents/TravelTap/TravelTap/Data/Countries/Europe/Poland/Cities/ZamoscAttractions.swift...
Processing /Users/erders/Documents/TravelTap/TravelTap/Data/Countries/Europe/Poland/Cities/KatowiceAttractions.swift...
