Processing /Users/erders/Documents/TravelTap/TravelTap/Data/Countries/Europe/Croatia/Cities/PaklenicaAttractions.swift...
 Geocoding 'Paklenica' in Paklenica...
  Error searching 'Paklenica, Paklenica, Croatia': HTTP Error 403: Forbidden
  Error searching 'Paklenica, Croatia': HTTP Error 403: Forbidden
  Error searching 'Paklenica': HTTP Error 403: Forbidden
  FAILED to find: Paklenica
 Geocoding 'Velika Paklenica Canyon' in Paklenica...
  Error searching 'Velika Paklenica Canyon, Paklenica, Croatia': HTTP Error 403: Forbidden
  Error searching 'Velika Paklenica Canyon, Croatia': HTTP Error 403: Forbidden
  Error searching 'Velika Paklenica Canyon': HTTP Error 403: Forbidden
  FAILED to find: Velika Paklenica Canyon
 Geocoding 'Mala Paklenica Canyon' in Paklenica...
  Error searching 'Mala Paklenica Canyon, Paklenica, Croatia': HTTP Error 403: Forbidden
  Error searching 'Mala Paklenica Canyon, Croatia': HTTP Error 403: Forbidden
  Error searching 'Mala Paklenica Canyon': HTTP Error 403: Forbidden
  FAILED to find: Mala Paklenica Canyon
 Geocoding 'Manita Peć Cave' in Paklenica...
  Error searching 'Manita Peć Cave, Paklenica, Croatia': HTTP Error 403: Forbidden
  Error searching 'Manita Peć Cave, Croatia': HTTP Error 403: Forbidden
  Error searching 'Manita Peć Cave': HTTP Error 403: Forbidden
  FAILED to find: Manita Peć Cave
 Geocoding 'Rock Climbing' in Paklenica...
  Error searching 'Rock Climbing, Paklenica, Croatia': HTTP Error 403: Forbidden
  Error searching 'Rock Climbing, Croatia': HTTP Error 403: Forbidden
  Error searching 'Rock Climbing': HTTP Error 403: Forbidden
  FAILED to find: Rock Climbing
 Geocoding 'Hiking Trails' in Paklenica...
  Error searching 'Hiking Trails, Paklenica, Croatia': HTTP Error 403: Forbidden
  Error searching 'Hiking Trails, Croatia': HTTP Error 403: Forbidden
  Error searching 'Hiking Trails': HTTP Error 403: Forbidden
  FAILED to find: Hiking Trails
 Geocoding 'Velebit Mountain' in Paklenica...
  Error searching 'Velebit Mountain, Paklenica, Croatia': HTTP Error 403: Forbidden
  Error searching 'Velebit Mountain, Croatia': HTTP Error 403: Forbidden
  Error searching 'Velebit Mountain': HTTP Error 403: Forbidden
  FAILED to find: Velebit Mountain
Processing /Users/erders/Documents/TravelTap/TravelTap/Data/Countries/Europe/Croatia/Cities/NorthernVelebitAttractions.swift...
 Geocoding 'Northern Velebit' in Northern Velebit...
  Error searching 'Northern Velebit, Northern Velebit, Croatia': HTTP Error 403: Forbidden
  Error searching 'Northern Velebit, Croatia': HTTP Error 403: Forbidden
  Error searching 'Northern Velebit': HTTP Error 403: Forbidden
  FAILED to find: Northern Velebit
 Geocoding 'Zavižan' in Northern Velebit...
  Error searching 'Zavižan, Northern Velebit, Croatia': HTTP Error 403: Forbidden
  Error searching 'Zavižan, Croatia': HTTP Error 403: Forbidden
  Error searching 'Zavižan': HTTP Error 403: Forbidden
  FAILED to find: Zavižan
 Geocoding 'Premužić Trail' in Northern Velebit...
  Error searching 'Premužić Trail, Northern Velebit, Croatia': HTTP Error 403: Forbidden
  Error searching 'Premužić Trail, Croatia': HTTP Error 403: Forbidden
  Error searching 'Premužić Trail': HTTP Error 403: Forbidden
  FAILED to find: Premužić Trail
 Geocoding 'Botanical Garden' in Northern Velebit...
  Error searching 'Botanical Garden, Northern Velebit, Croatia': HTTP Error 403: Forbidden
  Error searching 'Botanical Garden, Croatia': HTTP Error 403: Forbidden
  Error searching 'Botanical Garden': HTTP Error 403: Forbidden
  FAILED to find: Botanical Garden
 Geocoding 'Velebit Bear Sanctuary (Kuterevo)' in Northern Velebit...
  Error searching 'Velebit Bear Sanctuary (Kuterevo), Northern Velebit, Croatia': HTTP Error 403: Forbidden
  Error searching 'Velebit Bear Sanctuary (Kuterevo), Croatia': HTTP Error 403: Forbidden
  Error searching 'Velebit Bear Sanctuary (Kuterevo)': HTTP Error 403: Forbidden
  FAILED to find: Velebit Bear Sanctuary (Kuterevo)
Processing /Users/erders/Documents/TravelTap/TravelTap/Data/Countries/Europe/Croatia/Cities/VarazdinAttractions.swift...
 Geocoding 'Varazdin' in Varazdin...
  Error searching 'Varazdin, Varazdin, Croatia': HTTP Error 403: Forbidden
  Error searching 'Varazdin, Croatia': HTTP Error 403: Forbidden
  Error searching 'Varazdin': HTTP Error 403: Forbidden
  FAILED to find: Varazdin
 Geocoding 'Old Town' in Varazdin...
  Error searching 'Old Town, Varazdin, Croatia': HTTP Error 403: Forbidden
  Error searching 'Old Town, Croatia': HTTP Error 403: Forbidden
  Error searching 'Old Town': HTTP Error 403: Forbidden
  FAILED to find: Old Town
 Geocoding 'Varaždin Castle' in Varazdin...
  Error searching 'Varaždin Castle, Varazdin, Croatia': HTTP Error 403: Forbidden
  Error searching 'Varaždin Castle, Croatia': HTTP Error 403: Forbidden
  Error searching 'Varaždin Castle': HTTP Error 403: Forbidden
  FAILED to find: Varaždin Castle
 Geocoding 'Cemetery Park' in Varazdin...
  Error searching 'Cemetery Park, Varazdin, Croatia': HTTP Error 403: Forbidden
  Error searching 'Cemetery Park, Croatia': [Errno 54] Connection reset by peer
  Error searching 'Cemetery Park': HTTP Error 403: Forbidden
  FAILED to find: Cemetery Park
 Geocoding 'Town Hall' in Varazdin...
  Error searching 'Town Hall, Varazdin, Croatia': [Errno 54] Connection reset by peer
  Error searching 'Town Hall, Croatia': HTTP Error 403: Forbidden
  Error searching 'Town Hall': HTTP Error 403: Forbidden
  FAILED to find: Town Hall
 Geocoding 'Baroque Buildings' in Varazdin...
  Error searching 'Baroque Buildings, Varazdin, Croatia': HTTP Error 403: Forbidden
  Error searching 'Baroque Buildings, Croatia': HTTP Error 403: Forbidden
  Error searching 'Baroque Buildings': HTTP Error 403: Forbidden
  FAILED to find: Baroque Buildings
 Geocoding 'Špancirfest' in Varazdin...
  Error searching 'Špancirfest, Varazdin, Croatia': HTTP Error 403: Forbidden
  Error searching 'Špancirfest, Croatia': HTTP Error 403: Forbidden
  Error searching 'Špancirfest': HTTP Error 403: Forbidden
  FAILED to find: Špancirfest
Processing /Users/erders/Documents/TravelTap/TravelTap/Data/Countries/Europe/Croatia/Cities/SibenikAttractions.swift...
Processing /Users/erders/Documents/TravelTap/TravelTap/Data/Countries/Europe/Croatia/Cities/GroznjanAttractions.swift...
Processing /Users/erders/Documents/TravelTap/TravelTap/Data/Countries/Europe/Croatia/Cities/PorecAttractions.swift...
Processing /Users/erders/Documents/TravelTap/TravelTap/Data/Countries/Europe/Croatia/Cities/RovinjAttractions.swift...
Processing /Users/erders/Documents/TravelTap/TravelTap/Data/Countries/Europe/Croatia/Cities/SplitAttractions.swift...
Processing /Users/erders/Documents/TravelTap/TravelTap/Data/Countries/Europe/Croatia/Cities/OsijekAttractions.swift...
Processing /Users/erders/Documents/TravelTap/TravelTap/Data/Countries/Europe/Croatia/Cities/TrogirAttractions.swift...
Processing /Users/erders/Documents/TravelTap/TravelTap/Data/Countries/Europe/Croatia/Cities/PlitviceAttractions.swift...
Processing /Users/erders/Documents/TravelTap/TravelTap/Data/Countries/Europe/Croatia/Cities/RijekaAttractions.swift...
Processing /Users/erders/Documents/TravelTap/TravelTap/Data/Countries/Europe/Croatia/Cities/KorculaAttractions.swift...
Processing /Users/erders/Documents/TravelTap/TravelTap/Data/Countries/Europe/Croatia/Cities/BracAttractions.swift...
Processing /Users/erders/Documents/TravelTap/TravelTap/Data/Countries/Europe/Croatia/Cities/SamoborAttractions.swift...
Processing /Users/erders/Documents/TravelTap/TravelTap/Data/Countries/Europe/Croatia/Cities/DubrovnikAttractions.swift...
Processing /Users/erders/Documents/TravelTap/TravelTap/Data/Countries/Europe/Croatia/Cities/IstrianHillTownsAttractions.swift...
Processing /Users/erders/Documents/TravelTap/TravelTap/Data/Countries/Europe/Croatia/Cities/MakarskaRivieraAttractions.swift...
Processing /Users/erders/Documents/TravelTap/TravelTap/Data/Countries/Europe/Croatia/Cities/OpatijaAttractions.swift...
Processing /Users/erders/Documents/TravelTap/TravelTap/Data/Countries/Europe/Croatia/Cities/PulaAttractions.swift...
Processing /Users/erders/Documents/TravelTap/TravelTap/Data/Countries/Europe/Croatia/Cities/VisAttractions.swift...
Processing /Users/erders/Documents/TravelTap/TravelTap/Data/Countries/Europe/Croatia/Cities/KrkaNationalParkAttractions.swift...
Processing /Users/erders/Documents/TravelTap/TravelTap/Data/Countries/Europe/Croatia/Cities/ZadarAttractions.swift...
Processing /Users/erders/Documents/TravelTap/TravelTap/Data/Countries/Europe/Croatia/Cities/MljetAttractions.swift...
Processing /Users/erders/Documents/TravelTap/TravelTap/Data/Countries/Europe/Croatia/Cities/CroatianBeachesAttractions.swift...
Processing /Users/erders/Documents/TravelTap/TravelTap/Data/Countries/Europe/Croatia/Cities/HvarAttractions.swift...
Processing /Users/erders/Documents/TravelTap/TravelTap/Data/Countries/Europe/Croatia/Cities/ZagrebAttractions.swift...
Processing /Users/erders/Documents/TravelTap/TravelTap/Data/Countries/Europe/Croatia/Cities/MotovunAttractions.swift...
