============================================================
ANALYZING ALL COUNTRIES FOR 0,0 COORDINATES
============================================================

Total attractions with 0,0 coordinates: 722

Breakdown by country:
  Hungary: 258 attractions
  Switzerland: 328 attractions
  Turkey: 136 attractions

============================================================
FIXING 0,0 COORDINATES
============================================================

Processing: MersinAttractions.swift
  Geocoding: Maiden's Castle, Mersin, Turkey...
    ✗ Geocoding failed
  Geocoding: Cennet-Cehennem Potholes, Mersin, Turkey...
    ✗ Geocoding failed
  Geocoding: Adamkayalar, Mersin, Turkey...
    ✗ Geocoding failed
  Geocoding: Kanlidivane, Mersin, Turkey...
    ✗ Geocoding failed
  Geocoding: Mamure Castle, Mersin, Turkey...
    ✗ Geocoding failed
  Geocoding: St. Paul's Well, Mersin, Turkey...
    ✗ Geocoding failed
  Geocoding: Tarsus Waterfall, Mersin, Turkey...
    ✗ Geocoding failed
  Geocoding: Cleopatra's Gate, Mersin, Turkey...
    ✗ Geocoding failed
  Geocoding: Mersin Naval Museum, Mersin, Turkey...
    ✗ Geocoding failed
  Geocoding: Ataturk House Museum, Mersin, Turkey...
    ✗ Geocoding failed
  Geocoding: Soli Pompeipolis, Mersin, Turkey...
    ✗ Geocoding failed
  Geocoding: Yerkopru Waterfall, Mersin, Turkey...
    ✗ Geocoding failed
  Geocoding: Seven Sleepers Cave, Mersin, Turkey...
    ✗ Geocoding failed

Processing: AgriAttractions.swift
  Geocoding: Mount Ararat, Agri, Turkey...
    ✗ Geocoding failed
  Geocoding: Ishak Pasha Palace, Agri, Turkey...
    ✗ Geocoding failed
  Geocoding: Meteor Crater, Agri, Turkey...
    ✗ Geocoding failed
  Geocoding: Noah's Ark National Park, Agri, Turkey...
    ✗ Geocoding failed
  Geocoding: Dogubayazit Castle, Agri, Turkey...
    ✗ Geocoding failed
  Geocoding: Ahmed-i Hani Tomb, Agri, Turkey...
    ✗ Geocoding failed
  Geocoding: Ice Cave, Agri, Turkey...
    ✗ Geocoding failed
  Geocoding: Diyadin Hot Springs, Agri, Turkey...
    ✗ Geocoding failed
  Geocoding: Fish Lake, Agri, Turkey...
    ✗ Geocoding failed

Processing: BalikesirAttractions.swift
  Geocoding: Kaz Mountains, Balikesir, Turkey...
    ✗ Geocoding failed
  Geocoding: Cunda Island, Balikesir, Turkey...
    ✗ Geocoding failed
  Geocoding: Ayvalik Old Town, Balikesir, Turkey...
    ✗ Geocoding failed
  Geocoding: Devil's Feast, Balikesir, Turkey...
    ✗ Geocoding failed
  Geocoding: Manyas Bird Paradise, Balikesir, Turkey...
    ✗ Geocoding failed
  Geocoding: Saatli Mosque, Balikesir, Turkey...
    ✗ Geocoding failed
  Geocoding: Taksiyarhis Church, Balikesir, Turkey...
    ✗ Geocoding failed
  Geocoding: Sutuven Waterfall, Balikesir, Turkey...
    ✗ Geocoding failed
  Geocoding: Hasanboguldu Pond, Balikesir, Turkey...
    ✗ Geocoding failed
  Geocoding: Antandros Ancient City, Balikesir, Turkey...
    ✗ Geocoding failed
  Geocoding: Rahmi Koc Museum, Balikesir, Turkey...
    ✗ Geocoding failed
  Geocoding: Sarimsakli Beach, Balikesir, Turkey...
    ✗ Geocoding failed

Processing: KarsAttractions.swift
  Geocoding: Ani Ruins, Kars, Turkey...
    ✗ Geocoding failed
  Geocoding: Kars Castle, Kars, Turkey...
    ✗ Geocoding failed
  Geocoding: Kümbet Mosque (Twelve Apostles), Kars, Turkey...
    ✗ Geocoding failed
  Geocoding: Stone Bridge, Kars, Turkey...
    ✗ Geocoding failed
  Geocoding: Lake Cildir, Kars, Turkey...
    ✗ Geocoding failed
  Geocoding: Sarikamis Ski Center, Kars, Turkey...
    ✗ Geocoding failed
  Geocoding: Katerina Hunting Lodge, Kars, Turkey...
    ✗ Geocoding failed
  Geocoding: Fethiye Mosque, Kars, Turkey...
    ✗ Geocoding failed
  Geocoding: Kars Museum, Kars, Turkey...
    ✗ Geocoding failed
  Geocoding: Caucasian Front War History Museum, Kars, Turkey...
    ✗ Geocoding failed
  Geocoding: Menuçehr Mosque, Kars, Turkey...
    ✗ Geocoding failed
  Geocoding: Cathedral of Ani, Kars, Turkey...
    ✗ Geocoding failed

Processing: RizeArtvinAttractions.swift
  Geocoding: Ayder Plateau, RizeArtvin, Turkey...
    ✗ Geocoding failed
  Geocoding: Zilkale, RizeArtvin, Turkey...
    ✗ Geocoding failed
  Geocoding: Firtina Creek, RizeArtvin, Turkey...
    ✗ Geocoding failed
  Geocoding: Palovit Waterfall, RizeArtvin, Turkey...
    ✗ Geocoding failed
  Geocoding: Pokut Plateau, RizeArtvin, Turkey...
    ✗ Geocoding failed
  Geocoding: Gito Plateau, RizeArtvin, Turkey...
    ✗ Geocoding failed
  Geocoding: Karagol (Borcka), RizeArtvin, Turkey...
    ✗ Geocoding failed
  Geocoding: Mençuna Waterfall, RizeArtvin, Turkey...
    ✗ Geocoding failed
  Geocoding: Rize Museum, RizeArtvin, Turkey...
    ✗ Geocoding failed
  Geocoding: Ataturk House, RizeArtvin, Turkey...
    ✗ Geocoding failed
  Geocoding: Sahara National Park, RizeArtvin, Turkey...
    ✗ Geocoding failed
  Geocoding: Maral Waterfall, RizeArtvin, Turkey...
    ✗ Geocoding failed
  Geocoding: Cehennem Deresi Canyon, RizeArtvin, Turkey...
    ✗ Geocoding failed

Processing: AdiyamanAttractions.swift
  Geocoding: Mount Nemrut, Adiyaman, Turkey...
    ✗ Geocoding failed
  Geocoding: Cendere Bridge, Adiyaman, Turkey...
    ✗ Geocoding failed
  Geocoding: Karakus Tumulus, Adiyaman, Turkey...
    ✗ Geocoding failed
  Geocoding: Arsameia, Adiyaman, Turkey...
    ✗ Geocoding failed
  Geocoding: Perre Ancient City, Adiyaman, Turkey...
    ✗ Geocoding failed
  Geocoding: Adiyaman Museum, Adiyaman, Turkey...
    ✗ Geocoding failed
  Geocoding: Oturakci Bazaar, Adiyaman, Turkey...
    ✗ Geocoding failed
  Geocoding: Ataturk Dam, Adiyaman, Turkey...
    ✗ Geocoding failed
  Geocoding: Yeni Kale, Adiyaman, Turkey...
    ✗ Geocoding failed
  Geocoding: Severan Bridge, Adiyaman, Turkey...
    ✗ Geocoding failed

Processing: ErzurumAttractions.swift
  Geocoding: Erzurum Castle, Erzurum, Turkey...
    ✗ Geocoding failed
  Geocoding: Double Minaret Madrasa, Erzurum, Turkey...
    ✗ Geocoding failed
  Geocoding: Three Tombs, Erzurum, Turkey...
    ✗ Geocoding failed
  Geocoding: Yakutiye Madrasa, Erzurum, Turkey...
    ✗ Geocoding failed
  Geocoding: Palandöken Ski Center, Erzurum, Turkey...
    ✗ Geocoding failed
  Geocoding: Narman Fairy Chimneys, Erzurum, Turkey...
    ✗ Geocoding failed
  Geocoding: Tortum Waterfall, Erzurum, Turkey...
    ✗ Geocoding failed
  Geocoding: Erzurum Congress Building, Erzurum, Turkey...
    ✗ Geocoding failed
  Geocoding: Lala Mustafa Pasha Mosque, Erzurum, Turkey...
    ✗ Geocoding failed
  Geocoding: Rustem Pasha Caravanserai, Erzurum, Turkey...
    ✗ Geocoding failed
  Geocoding: Ataturk University, Erzurum, Turkey...
    ✗ Geocoding failed
  Geocoding: Abdurrahman Gazi Tomb, Erzurum, Turkey...
    ✗ Geocoding failed

Processing: VanAttractions.swift
  Geocoding: Van Castle, Van, Turkey...
    ✗ Geocoding failed
  Geocoding: Akdamar Island, Van, Turkey...
    ✗ Geocoding failed
  Geocoding: Akdamar Church, Van, Turkey...
    ✗ Geocoding failed
  Geocoding: Lake Van, Van, Turkey...
    ✗ Geocoding failed
  Geocoding: Muradiye Waterfall, Van, Turkey...
    ✗ Geocoding failed
  Geocoding: Van Cat House, Van, Turkey...
    ✗ Geocoding failed
  Geocoding: Hosap Castle, Van, Turkey...
    ✗ Geocoding failed
  Geocoding: Van Museum, Van, Turkey...
    ✗ Geocoding failed
  Geocoding: Cavustepe Castle, Van, Turkey...
    ✗ Geocoding failed
  Geocoding: Seven Churches, Van, Turkey...
    ✗ Geocoding failed
  Geocoding: Halime Hatun Kumbet, Van, Turkey...
    ✗ Geocoding failed
  Geocoding: Kanispi Waterfall, Van, Turkey...
    ✗ Geocoding failed

Processing: BoluAttractions.swift
  Geocoding: Lake Abant, Bolu, Turkey...
    ✗ Geocoding failed
  Geocoding: Yedigoller National Park, Bolu, Turkey...
    ✗ Geocoding failed
  Geocoding: Golcuk Nature Park, Bolu, Turkey...
    ✗ Geocoding failed
  Geocoding: Kartalkaya Ski Resort, Bolu, Turkey...
    ✗ Geocoding failed
  Geocoding: Bolu Museum, Bolu, Turkey...
    ✗ Geocoding failed
  Geocoding: Seben Kaya Houses, Bolu, Turkey...
    ✗ Geocoding failed
  Geocoding: Akkayalar Travertines, Bolu, Turkey...
    ✗ Geocoding failed
  Geocoding: Zafer Tower, Bolu, Turkey...
    ✗ Geocoding failed
  Geocoding: Bolu Masal Park, Bolu, Turkey...
    ✗ Geocoding failed
  Geocoding: Mudurnu Old Town, Bolu, Turkey...
    ✗ Geocoding failed
  Geocoding: Goynuk Old Town, Bolu, Turkey...
    ✗ Geocoding failed

Processing: EdirneAttractions.swift
  Geocoding: Selimiye Mosque, Edirne, Turkey...
    ✗ Geocoding failed
  Geocoding: Old Mosque, Edirne, Turkey...
    ✗ Geocoding failed
  Geocoding: Uc Serefeli Mosque, Edirne, Turkey...
    ✗ Geocoding failed
  Geocoding: Complex of Sultan Bayezid II, Edirne, Turkey...
    ✗ Geocoding failed
  Geocoding: Edirne Palace, Edirne, Turkey...
    ✗ Geocoding failed
  Geocoding: Meric Bridge, Edirne, Turkey...
    ✗ Geocoding failed
  Geocoding: Karaagac, Edirne, Turkey...
    ✗ Geocoding failed
  Geocoding: Lausanne Monument, Edirne, Turkey...
    ✗ Geocoding failed
  Geocoding: Ali Pasha Bazaar, Edirne, Turkey...
    ✗ Geocoding failed
  Geocoding: Edirne Archaeology Museum, Edirne, Turkey...
    ✗ Geocoding failed
  Geocoding: Grand Synagogue of Edirne, Edirne, Turkey...
    ✗ Geocoding failed
  Geocoding: Adalet Kasri, Edirne, Turkey...
    ✗ Geocoding failed

Processing: AmasraAttractions.swift
  Geocoding: Amasra Castle, Amasra, Turkey...
    ✗ Geocoding failed
  Geocoding: Kemere Bridge, Amasra, Turkey...
    ✗ Geocoding failed
  Geocoding: Weeping Tree, Amasra, Turkey...
    ✗ Geocoding failed
  Geocoding: Amasra Museum, Amasra, Turkey...
    ✗ Geocoding failed
  Geocoding: Rabbit Island, Amasra, Turkey...
    ✗ Geocoding failed
  Geocoding: Kucuk Liman Beach, Amasra, Turkey...
    ✗ Geocoding failed
  Geocoding: Buyuk Liman Beach, Amasra, Turkey...
    ✗ Geocoding failed
  Geocoding: Galla Bazaar, Amasra, Turkey...
    ✗ Geocoding failed
  Geocoding: Fatih Mosque, Amasra, Turkey...
    ✗ Geocoding failed
  Geocoding: Kuskayasi Road Monument, Amasra, Turkey...
    ✗ Geocoding failed

Processing: SinopAttractions.swift
  Geocoding: Sinop Fortress, Sinop, Turkey...
    ✗ Geocoding failed
  Geocoding: Sinop Prison Museum, Sinop, Turkey...
    ✗ Geocoding failed
  Geocoding: Hamsilos Fiord, Sinop, Turkey...
    ✗ Geocoding failed
  Geocoding: Inceburun Lighthouse, Sinop, Turkey...
    ✗ Geocoding failed
  Geocoding: Erfelek Waterfalls, Sinop, Turkey...
    ✗ Geocoding failed
  Geocoding: Sinop Archeological Museum, Sinop, Turkey...
    ✗ Geocoding failed
  Geocoding: Balatlar Church, Sinop, Turkey...
    ✗ Geocoding failed
  Geocoding: Pasha Bastion, Sinop, Turkey...
    ✗ Geocoding failed
  Geocoding: Karakum Beach, Sinop, Turkey...
    ✗ Geocoding failed
  Geocoding: Boyabat Castle, Sinop, Turkey...
    ✗ Geocoding failed

Processing: NeuchatelAttractions.swift
  Geocoding: Neuchâtel Old Town, Neuchatel, Switzerland...
    ✗ Geocoding failed
  Geocoding: Neuchâtel Castle, Neuchatel, Switzerland...
    ✗ Geocoding failed
  Geocoding: Collegiate Church, Neuchatel, Switzerland...
    ✗ Geocoding failed
  Geocoding: Lake Neuchâtel, Neuchatel, Switzerland...
    ✗ Geocoding failed
  Geocoding: Laténium, Neuchatel, Switzerland...
    ✗ Geocoding failed
  Geocoding: Art and History Museum, Neuchatel, Switzerland...
    ✗ Geocoding failed
  Geocoding: Creux du Van, Neuchatel, Switzerland...
    ✗ Geocoding failed

Processing: BellinzonaAttractions.swift
  Geocoding: Three Castles of Bellinzona, Bellinzona, Switzerland...
    ✗ Geocoding failed
  Geocoding: Castelgrande, Bellinzona, Switzerland...
    ✗ Geocoding failed
  Geocoding: Montebello Castle, Bellinzona, Switzerland...
    ✗ Geocoding failed
  Geocoding: Sasso Corbaro Castle, Bellinzona, Switzerland...
    ✗ Geocoding failed
  Geocoding: Bellinzona Old Town, Bellinzona, Switzerland...
    ✗ Geocoding failed
  Geocoding: Saturday Market, Bellinzona, Switzerland...
    ✗ Geocoding failed
  Geocoding: Piazza Collegiata, Bellinzona, Switzerland...
    ✗ Geocoding failed

Processing: FribourgAttractions.swift
  Geocoding: Fribourg Old Town, Fribourg, Switzerland...
    ✗ Geocoding failed
  Geocoding: Pont de Berne, Fribourg, Switzerland...
    ✗ Geocoding failed
  Geocoding: Cathedral of St. Nicholas, Fribourg, Switzerland...
    ✗ Geocoding failed
  Geocoding: Gutenberg Museum, Fribourg, Switzerland...
    ✗ Geocoding failed
  Geocoding: Fribourg Funicular, Fribourg, Switzerland...
    ✗ Geocoding failed
  Geocoding: Auge Quarter, Fribourg, Switzerland...
    ✗ Geocoding failed
  Geocoding: Gruyères, Fribourg, Switzerland...
    ✗ Geocoding failed
  Geocoding: Gruyères Castle, Fribourg, Switzerland...
    ✗ Geocoding failed
  Geocoding: HR Giger Museum, Fribourg, Switzerland...
    ✗ Geocoding failed
  Geocoding: Cailler Chocolate Factory, Fribourg, Switzerland...
    ✗ Geocoding failed

Processing: BernAttractions.swift
  Geocoding: Old City of Bern, Bern, Switzerland...
    ✗ Geocoding failed
  Geocoding: Zytglogge, Bern, Switzerland...
    ✗ Geocoding failed
  Geocoding: Bear Park, Bern, Switzerland...
    ✗ Geocoding failed
  Geocoding: Federal Palace, Bern, Switzerland...
    ✗ Geocoding failed
  Geocoding: Bern Minster, Bern, Switzerland...
    ✗ Geocoding failed
  Geocoding: Kramgasse, Bern, Switzerland...
    ✗ Geocoding failed
  Geocoding: Einstein House, Bern, Switzerland...
    ✗ Geocoding failed
  Geocoding: Kornhausplatz, Bern, Switzerland...
    ✗ Geocoding failed
  Geocoding: Child Eater Fountain, Bern, Switzerland...
    ✗ Geocoding failed
  Geocoding: Rosengarten, Bern, Switzerland...
    ✗ Geocoding failed
  Geocoding: Aare River, Bern, Switzerland...
    ✗ Geocoding failed
  Geocoding: Gurten Mountain, Bern, Switzerland...
    ✗ Geocoding failed
  Geocoding: Bern Historical Museum, Bern, Switzerland...
    ✗ Geocoding failed
  Geocoding: Einstein Museum, Bern, Switzerland...
    ✗ Geocoding failed
  Geocoding: Kunstmuseum Bern, Bern, Switzerland...
    ✗ Geocoding failed
  Geocoding: Paul Klee Center, Bern, Switzerland...
    ✗ Geocoding failed
  Geocoding: Botanical Garden, Bern, Switzerland...
    ✗ Geocoding failed
  Geocoding: Natural History Museum, Bern, Switzerland...
    ✗ Geocoding failed
  Geocoding: Communication Museum, Bern, Switzerland...
    ✗ Geocoding failed
  Geocoding: Marzili River Swimming, Bern, Switzerland...
    ✗ Geocoding failed
  Geocoding: Bundesplatz, Bern, Switzerland...
    ✗ Geocoding failed
  Geocoding: Marktgasse, Bern, Switzerland...
    ✗ Geocoding failed

Processing: LucerneAttractions.swift
  Geocoding: Chapel Bridge, Lucerne, Switzerland...
    ✗ Geocoding failed
  Geocoding: Water Tower, Lucerne, Switzerland...
    ✗ Geocoding failed
  Geocoding: Lake Lucerne, Lucerne, Switzerland...
    ✗ Geocoding failed
  Geocoding: Lucerne Old Town, Lucerne, Switzerland...
    ✗ Geocoding failed
  Geocoding: Lion Monument, Lucerne, Switzerland...
    ✗ Geocoding failed
  Geocoding: Spreuer Bridge, Lucerne, Switzerland...
    ✗ Geocoding failed
  Geocoding: Musegg Wall, Lucerne, Switzerland...
    ✗ Geocoding failed
  Geocoding: Musegg Towers, Lucerne, Switzerland...
    ✗ Geocoding failed
  Geocoding: Jesuit Church, Lucerne, Switzerland...
    ✗ Geocoding failed
  Geocoding: Church of St. Leodegar, Lucerne, Switzerland...
    ✗ Geocoding failed
  Geocoding: Richard Wagner Museum, Lucerne, Switzerland...
    ✗ Geocoding failed
  Geocoding: Swiss Transport Museum, Lucerne, Switzerland...
    ✗ Geocoding failed
  Geocoding: Rosengart Collection, Lucerne, Switzerland...
    ✗ Geocoding failed
  Geocoding: Glacier Garden, Lucerne, Switzerland...
    ✗ Geocoding failed
  Geocoding: KKL Lucerne, Lucerne, Switzerland...
    ✗ Geocoding failed
  Geocoding: Boat Cruises, Lucerne, Switzerland...
    ✗ Geocoding failed
  Geocoding: Mount Pilatus, Lucerne, Switzerland...
    ✗ Geocoding failed
  Geocoding: Pilatus Cogwheel Railway, Lucerne, Switzerland...
    ✗ Geocoding failed
  Geocoding: Dragon Path, Lucerne, Switzerland...
    ✗ Geocoding failed
  Geocoding: Mount Rigi, Lucerne, Switzerland...
    ✗ Geocoding failed
  Geocoding: Rigi Kulm, Lucerne, Switzerland...
    ✗ Geocoding failed
  Geocoding: Rigi Railways, Lucerne, Switzerland...
    ✗ Geocoding failed
  Geocoding: Stanserhorn, Lucerne, Switzerland...
    ✗ Geocoding failed
  Geocoding: CabriO Cable Car, Lucerne, Switzerland...
    ✗ Geocoding failed
  Geocoding: Bürgenstock, Lucerne, Switzerland...
    ✗ Geocoding failed
  Geocoding: Hammetschwand Lift, Lucerne, Switzerland...
    ✗ Geocoding failed

Processing: ZurichAttractions.swift
  Geocoding: Old Town, Zurich, Switzerland...
    ✗ Geocoding failed
  Geocoding: Bahnhofstrasse, Zurich, Switzerland...
    ✗ Geocoding failed
  Geocoding: Grossmünster, Zurich, Switzerland...
    ✗ Geocoding failed
  Geocoding: Fraumünster, Zurich, Switzerland...
    ✗ Geocoding failed
  Geocoding: Chagall Windows, Zurich, Switzerland...
    ✗ Geocoding failed
  Geocoding: St. Peter's Church, Zurich, Switzerland...
    ✗ Geocoding failed
  Geocoding: Lindenhof, Zurich, Switzerland...
    ✗ Geocoding failed
  Geocoding: Limmat River, Zurich, Switzerland...
    ✗ Geocoding failed
  Geocoding: Lake Zürich, Zurich, Switzerland...
    ✗ Geocoding failed
  Geocoding: Zürich Opera House, Zurich, Switzerland...
    ✗ Geocoding failed
  Geocoding: Kunsthaus Zürich, Zurich, Switzerland...
    ✗ Geocoding failed
  Geocoding: Swiss National Museum, Zurich, Switzerland...
    ✗ Geocoding failed
  Geocoding: FIFA World Football Museum, Zurich, Switzerland...
    ✗ Geocoding failed
  Geocoding: Uetliberg Mountain, Zurich, Switzerland...
    ✗ Geocoding failed
  Geocoding: Zoo Zürich, Zurich, Switzerland...
    ✗ Geocoding failed
  Geocoding: Masoala Rainforest Hall, Zurich, Switzerland...
    ✗ Geocoding failed
  Geocoding: Niederdorf Quarter, Zurich, Switzerland...
    ✗ Geocoding failed
  Geocoding: Schipfe, Zurich, Switzerland...
    ✗ Geocoding failed
  Geocoding: Rietberg Museum, Zurich, Switzerland...
    ✗ Geocoding failed
  Geocoding: Botanical Garden, Zurich, Switzerland...
    ✗ Geocoding failed
  Geocoding: Chinese Garden, Zurich, Switzerland...
    ✗ Geocoding failed
  Geocoding: Thermalbad & Spa Zürich, Zurich, Switzerland...
    ✗ Geocoding failed
  Geocoding: Sechseläutenplatz, Zurich, Switzerland...
    ✗ Geocoding failed
  Geocoding: Bellevue Square, Zurich, Switzerland...
    ✗ Geocoding failed
  Geocoding: Zürich West, Zurich, Switzerland...
    ✗ Geocoding failed
  Geocoding: Freitag Tower, Zurich, Switzerland...
    ✗ Geocoding failed
  Geocoding: Viadukt, Zurich, Switzerland...
    ✗ Geocoding failed

Processing: InterlakenAttractions.swift
  Geocoding: Höheweg Promenade, Interlaken, Switzerland...
    ✗ Geocoding failed
  Geocoding: Harder Kulm, Interlaken, Switzerland...
    ✗ Geocoding failed
  Geocoding: Harder Kulm Funicular, Interlaken, Switzerland...
    ✗ Geocoding failed
  Geocoding: Two Lakes View, Interlaken, Switzerland...
    ✗ Geocoding failed
  Geocoding: Lake Thun, Interlaken, Switzerland...
    ✗ Geocoding failed
  Geocoding: Lake Brienz, Interlaken, Switzerland...
    ✗ Geocoding failed
  Geocoding: Unterseen Old Town, Interlaken, Switzerland...
    ✗ Geocoding failed
  Geocoding: Interlaken Castle, Interlaken, Switzerland...
    ✗ Geocoding failed
  Geocoding: Paragliding, Interlaken, Switzerland...
    ✗ Geocoding failed
  Geocoding: Jungfraujoch, Interlaken, Switzerland...
    ✗ Geocoding failed
  Geocoding: Top of Europe, Interlaken, Switzerland...
    ✗ Geocoding failed
  Geocoding: Sphinx Observatory, Interlaken, Switzerland...
    ✗ Geocoding failed
  Geocoding: Ice Palace, Interlaken, Switzerland...
    ✗ Geocoding failed
  Geocoding: Jungfrau Railway, Interlaken, Switzerland...
    ✗ Geocoding failed
  Geocoding: Schynige Platte, Interlaken, Switzerland...
    ✗ Geocoding failed
  Geocoding: Alpine Garden, Interlaken, Switzerland...
    ✗ Geocoding failed
  Geocoding: St. Beatus Caves, Interlaken, Switzerland...
    ✗ Geocoding failed
  Geocoding: Mystery Park, Interlaken, Switzerland...
    ✗ Geocoding failed

Processing: BaselAttractions.swift
  Geocoding: Old Town, Basel, Switzerland...
    ✗ Geocoding failed
  Geocoding: Basel Minster, Basel, Switzerland...
    ✗ Geocoding failed
  Geocoding: Marktplatz, Basel, Switzerland...
    ✗ Geocoding failed
  Geocoding: Town Hall, Basel, Switzerland...
    ✗ Geocoding failed
  Geocoding: Spalentor Gate, Basel, Switzerland...
    ✗ Geocoding failed
  Geocoding: Tinguely Fountain, Basel, Switzerland...
    ✗ Geocoding failed
  Geocoding: Kunstmuseum Basel, Basel, Switzerland...
    ✗ Geocoding failed
  Geocoding: Fondation Beyeler, Basel, Switzerland...
    ✗ Geocoding failed
  Geocoding: Tinguely Museum, Basel, Switzerland...
    ✗ Geocoding failed
  Geocoding: Vitra Design Museum, Basel, Switzerland...
    ✗ Geocoding failed
  Geocoding: Basel Zoo, Basel, Switzerland...
    ✗ Geocoding failed
  Geocoding: Rhine River, Basel, Switzerland...
    ✗ Geocoding failed
  Geocoding: Rhine Swimming, Basel, Switzerland...
    ✗ Geocoding failed
  Geocoding: Middle Bridge, Basel, Switzerland...
    ✗ Geocoding failed
  Geocoding: Three Countries Corner, Basel, Switzerland...
    ✗ Geocoding failed
  Geocoding: Paper Mill, Basel, Switzerland...
    ✗ Geocoding failed
  Geocoding: Toy World Museum, Basel, Switzerland...
    ✗ Geocoding failed
  Geocoding: Museum of Cultures, Basel, Switzerland...
    ✗ Geocoding failed
  Geocoding: Cartoon Museum, Basel, Switzerland...
    ✗ Geocoding failed
  Geocoding: Augusta Raurica, Basel, Switzerland...
    ✗ Geocoding failed
  Geocoding: Basel Fasnacht, Basel, Switzerland...
    ✗ Geocoding failed

Processing: StMoritzAttractions.swift
  Geocoding: Lake St. Moritz, StMoritz, Switzerland...
    ✗ Geocoding failed
  Geocoding: Engadin Valley, StMoritz, Switzerland...
    ✗ Geocoding failed
  Geocoding: Piz Nair, StMoritz, Switzerland...
    ✗ Geocoding failed
  Geocoding: Corviglia, StMoritz, Switzerland...
    ✗ Geocoding failed
  Geocoding: Corvatsch, StMoritz, Switzerland...
    ✗ Geocoding failed
  Geocoding: Diavolezza, StMoritz, Switzerland...
    ✗ Geocoding failed
  Geocoding: Muottas Muragl, StMoritz, Switzerland...
    ✗ Geocoding failed
  Geocoding: Segantini Museum, StMoritz, Switzerland...
    ✗ Geocoding failed
  Geocoding: Engadin Museum, StMoritz, Switzerland...
    ✗ Geocoding failed
  Geocoding: Leaning Tower, StMoritz, Switzerland...
    ✗ Geocoding failed
  Geocoding: Cresta Run, StMoritz, Switzerland...
    ✗ Geocoding failed
  Geocoding: Bobsled Run, StMoritz, Switzerland...
    ✗ Geocoding failed
  Geocoding: St. Moritz Bad, StMoritz, Switzerland...
    ✗ Geocoding failed
  Geocoding: Mineral Springs, StMoritz, Switzerland...
    ✗ Geocoding failed
  Geocoding: Glacier Express Route, StMoritz, Switzerland...
    ✗ Geocoding failed
  Geocoding: Bernina Express Route, StMoritz, Switzerland...
    ✗ Geocoding failed

Processing: GrindelwaldAttractions.swift
  Geocoding: First Mountain, Grindelwald, Switzerland...
    ✗ Geocoding failed
  Geocoding: First Cliff Walk, Grindelwald, Switzerland...
    ✗ Geocoding failed
  Geocoding: First Glider, Grindelwald, Switzerland...
    ✗ Geocoding failed
  Geocoding: First Flyer, Grindelwald, Switzerland...
    ✗ Geocoding failed
  Geocoding: Bachalpsee Lake, Grindelwald, Switzerland...
    ✗ Geocoding failed
  Geocoding: Eiger North Face, Grindelwald, Switzerland...
    ✗ Geocoding failed
  Geocoding: Eiger Trail, Grindelwald, Switzerland...
    ✗ Geocoding failed
  Geocoding: Grindelwald Glacier, Grindelwald, Switzerland...
    ✗ Geocoding failed
  Geocoding: Pfingstegg Cable Car, Grindelwald, Switzerland...
    ✗ Geocoding failed
  Geocoding: Glacier Canyon, Grindelwald, Switzerland...
    ✗ Geocoding failed
  Geocoding: Grindelwald-First Gondola, Grindelwald, Switzerland...
    ✗ Geocoding failed
  Geocoding: Kleine Scheidegg, Grindelwald, Switzerland...
    ✗ Geocoding failed
  Geocoding: Männlichen, Grindelwald, Switzerland...
    ✗ Geocoding failed
  Geocoding: Royal Walk, Grindelwald, Switzerland...
    ✗ Geocoding failed

Processing: DavosAttractions.swift
  Geocoding: Jakobshorn, Davos, Switzerland...
    ✗ Geocoding failed
  Geocoding: Parsenn, Davos, Switzerland...
    ✗ Geocoding failed
  Geocoding: Schatzalp, Davos, Switzerland...
    ✗ Geocoding failed
  Geocoding: Davos Lake, Davos, Switzerland...
    ✗ Geocoding failed
  Geocoding: Kirchner Museum, Davos, Switzerland...
    ✗ Geocoding failed
  Geocoding: Magic Mountain Setting, Davos, Switzerland...
    ✗ Geocoding failed
  Geocoding: World Economic Forum Venue, Davos, Switzerland...
    ✗ Geocoding failed
  Geocoding: Swiss Alpine Garden, Davos, Switzerland...
    ✗ Geocoding failed
  Geocoding: Sertig Valley, Davos, Switzerland...
    ✗ Geocoding failed
  Geocoding: Rinerhorn, Davos, Switzerland...
    ✗ Geocoding failed

Processing: SchaffhausenAttractions.swift
  Geocoding: Rhine Falls, Schaffhausen, Switzerland...
    ✗ Geocoding failed
  Geocoding: Munot Fortress, Schaffhausen, Switzerland...
    ✗ Geocoding failed
  Geocoding: Schaffhausen Old Town, Schaffhausen, Switzerland...
    ✗ Geocoding failed
  Geocoding: Stein am Rhein, Schaffhausen, Switzerland...
    ✗ Geocoding failed
  Geocoding: Frescoed Houses, Schaffhausen, Switzerland...
    ✗ Geocoding failed
  Geocoding: Lake Constance, Schaffhausen, Switzerland...
    ✗ Geocoding failed

Processing: MontreuxAttractions.swift
  Geocoding: Montreux Riviera, Montreux, Switzerland...
    ✗ Geocoding failed
  Geocoding: Lake Geneva Promenade, Montreux, Switzerland...
    ✗ Geocoding failed
  Geocoding: Château de Chillon, Montreux, Switzerland...
    ✗ Geocoding failed
  Geocoding: Freddie Mercury Statue, Montreux, Switzerland...
    ✗ Geocoding failed
  Geocoding: Montreux Jazz Festival Venue, Montreux, Switzerland...
    ✗ Geocoding failed
  Geocoding: Rochers-de-Naye, Montreux, Switzerland...
    ✗ Geocoding failed
  Geocoding: Golden Pass Line, Montreux, Switzerland...
    ✗ Geocoding failed
  Geocoding: Queen The Studio Experience, Montreux, Switzerland...
    ✗ Geocoding failed
  Geocoding: Casino Barrière Montreux, Montreux, Switzerland...
    ✗ Geocoding failed
  Geocoding: Covered Market, Montreux, Switzerland...
    ✗ Geocoding failed
  Geocoding: Lavaux Vineyards, Montreux, Switzerland...
    ✗ Geocoding failed

Processing: ThunAttractions.swift
  Geocoding: Thun Castle, Thun, Switzerland...
    ✗ Geocoding failed
  Geocoding: Thun Old Town, Thun, Switzerland...
    ✗ Geocoding failed
  Geocoding: Obere Hauptgasse, Thun, Switzerland...
    ✗ Geocoding failed
  Geocoding: Lake Thun, Thun, Switzerland...
    ✗ Geocoding failed
  Geocoding: Schadau Park, Thun, Switzerland...
    ✗ Geocoding failed
  Geocoding: Schadau Castle, Thun, Switzerland...
    ✗ Geocoding failed
  Geocoding: Wocher Panorama, Thun, Switzerland...
    ✗ Geocoding failed
  Geocoding: Stockhorn, Thun, Switzerland...
    ✗ Geocoding failed
  Geocoding: Niederhorn, Thun, Switzerland...
    ✗ Geocoding failed

Processing: BrigAttractions.swift
  Geocoding: Stockalper Palace, Brig, Switzerland...
    ✗ Geocoding failed
  Geocoding: Brig Old Town, Brig, Switzerland...
    ✗ Geocoding failed
  Geocoding: Simplon Pass, Brig, Switzerland...
    ✗ Geocoding failed
  Geocoding: Glacier Express Station, Brig, Switzerland...
    ✗ Geocoding failed
  Geocoding: Belalp, Brig, Switzerland...
    ✗ Geocoding failed
  Geocoding: Aletsch Arena, Brig, Switzerland...
    ✗ Geocoding failed
  Geocoding: Aletsch Glacier, Brig, Switzerland...
    ✗ Geocoding failed

Processing: AppenzellAttractions.swift
  Geocoding: Appenzell Village, Appenzell, Switzerland...
    ✗ Geocoding failed
  Geocoding: Traditional Buildings, Appenzell, Switzerland...
    ✗ Geocoding failed
  Geocoding: Landsgemeindeplatz, Appenzell, Switzerland...
    ✗ Geocoding failed
  Geocoding: Appenzell Museum, Appenzell, Switzerland...
    ✗ Geocoding failed
  Geocoding: Säntis Mountain, Appenzell, Switzerland...
    ✗ Geocoding failed
  Geocoding: Hoher Kasten, Appenzell, Switzerland...
    ✗ Geocoding failed
  Geocoding: Seealpsee Lake, Appenzell, Switzerland...
    ✗ Geocoding failed
  Geocoding: Cheese Dairy, Appenzell, Switzerland...
    ✗ Geocoding failed

Processing: LausanneAttractions.swift
  Geocoding: Old Town, Lausanne, Switzerland...
    ✗ Geocoding failed
  Geocoding: Lausanne Cathedral, Lausanne, Switzerland...
    ✗ Geocoding failed
  Geocoding: Place de la Palud, Lausanne, Switzerland...
    ✗ Geocoding failed
  Geocoding: Escaliers du Marché, Lausanne, Switzerland...
    ✗ Geocoding failed
  Geocoding: Olympic Museum, Lausanne, Switzerland...
    ✗ Geocoding failed
  Geocoding: Olympic Park, Lausanne, Switzerland...
    ✗ Geocoding failed
  Geocoding: Collection de l'Art Brut, Lausanne, Switzerland...
    ✗ Geocoding failed
  Geocoding: Palais de Rumine, Lausanne, Switzerland...
    ✗ Geocoding failed
  Geocoding: EPFL Campus, Lausanne, Switzerland...
    ✗ Geocoding failed
  Geocoding: Rolex Learning Center, Lausanne, Switzerland...
    ✗ Geocoding failed
  Geocoding: Ouchy Waterfront, Lausanne, Switzerland...
    ✗ Geocoding failed
  Geocoding: Sauvabelin Tower, Lausanne, Switzerland...
    ✗ Geocoding failed
  Geocoding: Flon District, Lausanne, Switzerland...
    ✗ Geocoding failed
  Geocoding: M2 Metro, Lausanne, Switzerland...
    ✗ Geocoding failed

Processing: ChurAttractions.swift
  Geocoding: Chur Old Town, Chur, Switzerland...
    ✗ Geocoding failed
  Geocoding: Cathedral of the Assumption, Chur, Switzerland...
    ✗ Geocoding failed
  Geocoding: Bishop's Palace, Chur, Switzerland...
    ✗ Geocoding failed
  Geocoding: Arcas Square, Chur, Switzerland...
    ✗ Geocoding failed
  Geocoding: Rätisches Museum, Chur, Switzerland...
    ✗ Geocoding failed
  Geocoding: Bundner Kunstmuseum, Chur, Switzerland...
    ✗ Geocoding failed
  Geocoding: Brambrueesch, Chur, Switzerland...
    ✗ Geocoding failed

Processing: LuganoAttractions.swift
  Geocoding: Lake Lugano, Lugano, Switzerland...
    ✗ Geocoding failed
  Geocoding: Parco Ciani, Lugano, Switzerland...
    ✗ Geocoding failed
  Geocoding: Piazza della Riforma, Lugano, Switzerland...
    ✗ Geocoding failed
  Geocoding: Via Nassa, Lugano, Switzerland...
    ✗ Geocoding failed
  Geocoding: Monte San Salvatore, Lugano, Switzerland...
    ✗ Geocoding failed
  Geocoding: Monte Brè, Lugano, Switzerland...
    ✗ Geocoding failed
  Geocoding: LAC, Lugano, Switzerland...
    ✗ Geocoding failed
  Geocoding: Santa Maria degli Angioli, Lugano, Switzerland...
    ✗ Geocoding failed
  Geocoding: Gandria Village, Lugano, Switzerland...
    ✗ Geocoding failed
  Geocoding: Swiss Miniatur, Lugano, Switzerland...
    ✗ Geocoding failed
  Geocoding: Morcote, Lugano, Switzerland...
    ✗ Geocoding failed
  Geocoding: Hermann Hesse Museum, Lugano, Switzerland...
    ✗ Geocoding failed

Processing: SionAttractions.swift
  Geocoding: Valère Castle, Sion, Switzerland...
    ✗ Geocoding failed
  Geocoding: Tourbillon Castle, Sion, Switzerland...
    ✗ Geocoding failed
  Geocoding: Sion Old Town, Sion, Switzerland...
    ✗ Geocoding failed
  Geocoding: Notre-Dame-du-Glarier Cathedral, Sion, Switzerland...
    ✗ Geocoding failed
  Geocoding: Witch's Stone, Sion, Switzerland...
    ✗ Geocoding failed

Processing: GenevaAttractions.swift
  Geocoding: Jet d'Eau, Geneva, Switzerland...
    ✗ Geocoding failed
  Geocoding: Old Town, Geneva, Switzerland...
    ✗ Geocoding failed
  Geocoding: St. Pierre Cathedral, Geneva, Switzerland...
    ✗ Geocoding failed
  Geocoding: Reformation Wall, Geneva, Switzerland...
    ✗ Geocoding failed
  Geocoding: Bastions Park, Geneva, Switzerland...
    ✗ Geocoding failed
  Geocoding: Place du Bourg-de-Four, Geneva, Switzerland...
    ✗ Geocoding failed
  Geocoding: Maison Tavel, Geneva, Switzerland...
    ✗ Geocoding failed
  Geocoding: Palace of Nations, Geneva, Switzerland...
    ✗ Geocoding failed
  Geocoding: Broken Chair, Geneva, Switzerland...
    ✗ Geocoding failed
  Geocoding: International Red Cross Museum, Geneva, Switzerland...
    ✗ Geocoding failed
  Geocoding: Lake Geneva, Geneva, Switzerland...
    ✗ Geocoding failed
  Geocoding: Jardin Anglais, Geneva, Switzerland...
    ✗ Geocoding failed
  Geocoding: Flower Clock, Geneva, Switzerland...
    ✗ Geocoding failed
  Geocoding: Bains des Pâquis, Geneva, Switzerland...
    ✗ Geocoding failed
  Geocoding: CERN, Geneva, Switzerland...
    ✗ Geocoding failed
  Geocoding: Museum of Art and History, Geneva, Switzerland...
    ✗ Geocoding failed
  Geocoding: Natural History Museum, Geneva, Switzerland...
    ✗ Geocoding failed
  Geocoding: Patek Philippe Museum, Geneva, Switzerland...
    ✗ Geocoding failed
  Geocoding: Carouge District, Geneva, Switzerland...
    ✗ Geocoding failed
  Geocoding: Plainpalais Flea Market, Geneva, Switzerland...
    ✗ Geocoding failed
  Geocoding: Brunswick Monument, Geneva, Switzerland...
    ✗ Geocoding failed
  Geocoding: Jet d'Eau Boat Tours, Geneva, Switzerland...
    ✗ Geocoding failed
  Geocoding: Mont Salève, Geneva, Switzerland...
    ✗ Geocoding failed

Processing: EngadinValleyAttractions.swift
  Geocoding: Pontresina, EngadinValley, Switzerland...
    ✗ Geocoding failed
  Geocoding: Sils Maria, EngadinValley, Switzerland...
    ✗ Geocoding failed
  Geocoding: Silvaplana, EngadinValley, Switzerland...
    ✗ Geocoding failed
  Geocoding: Celerina, EngadinValley, Switzerland...
    ✗ Geocoding failed
  Geocoding: Maloja Pass, EngadinValley, Switzerland...
    ✗ Geocoding failed
  Geocoding: Swiss National Park, EngadinValley, Switzerland...
    ✗ Geocoding failed
  Geocoding: Morteratsch Glacier, EngadinValley, Switzerland...
    ✗ Geocoding failed

Processing: LocarnoAttractions.swift
  Geocoding: Piazza Grande, Locarno, Switzerland...
    ✗ Geocoding failed
  Geocoding: Locarno Film Festival Venue, Locarno, Switzerland...
    ✗ Geocoding failed
  Geocoding: Sanctuary of Madonna del Sasso, Locarno, Switzerland...
    ✗ Geocoding failed
  Geocoding: Castello Visconteo, Locarno, Switzerland...
    ✗ Geocoding failed
  Geocoding: Locarno Old Town, Locarno, Switzerland...
    ✗ Geocoding failed
  Geocoding: Cardada-Cimetta, Locarno, Switzerland...
    ✗ Geocoding failed
  Geocoding: Lake Maggiore, Locarno, Switzerland...
    ✗ Geocoding failed
  Geocoding: Brissago Islands, Locarno, Switzerland...
    ✗ Geocoding failed
  Geocoding: Verzasca Valley, Locarno, Switzerland...
    ✗ Geocoding failed
  Geocoding: Verzasca Dam, Locarno, Switzerland...
    ✗ Geocoding failed
  Geocoding: Ponte dei Salti, Locarno, Switzerland...
    ✗ Geocoding failed

Processing: LauterbrunnenAttractions.swift
  Geocoding: Lauterbrunnen Valley, Lauterbrunnen, Switzerland...
    ✗ Geocoding failed
  Geocoding: Staubbach Falls, Lauterbrunnen, Switzerland...
    ✗ Geocoding failed
  Geocoding: Trummelbach Falls, Lauterbrunnen, Switzerland...
    ✗ Geocoding failed
  Geocoding: 72 Waterfalls, Lauterbrunnen, Switzerland...
    ✗ Geocoding failed
  Geocoding: Mürren, Lauterbrunnen, Switzerland...
    ✗ Geocoding failed
  Geocoding: Schilthorn, Lauterbrunnen, Switzerland...
    ✗ Geocoding failed
  Geocoding: Piz Gloria, Lauterbrunnen, Switzerland...
    ✗ Geocoding failed
  Geocoding: James Bond Experience, Lauterbrunnen, Switzerland...
    ✗ Geocoding failed
  Geocoding: Birg Thrill Walk, Lauterbrunnen, Switzerland...
    ✗ Geocoding failed
  Geocoding: Wengen, Lauterbrunnen, Switzerland...
    ✗ Geocoding failed
  Geocoding: Lauberhorn Ski Run, Lauterbrunnen, Switzerland...
    ✗ Geocoding failed

Processing: TicinoLakesAttractions.swift
  Geocoding: Centovalli Railway, TicinoLakes, Switzerland...
    ✗ Geocoding failed
  Geocoding: Ascona, TicinoLakes, Switzerland...
    ✗ Geocoding failed
  Geocoding: Tenero, TicinoLakes, Switzerland...
    ✗ Geocoding failed
  Geocoding: Lake Como Border, TicinoLakes, Switzerland...
    ✗ Geocoding failed

Processing: ZermattAttractions.swift
  Geocoding: Matterhorn, Zermatt, Switzerland...
    ✗ Geocoding failed
  Geocoding: Gornergrat, Zermatt, Switzerland...
    ✗ Geocoding failed
  Geocoding: Gornergrat Railway, Zermatt, Switzerland...
    ✗ Geocoding failed
  Geocoding: Matterhorn Glacier Paradise, Zermatt, Switzerland...
    ✗ Geocoding failed
  Geocoding: Klein Matterhorn, Zermatt, Switzerland...
    ✗ Geocoding failed
  Geocoding: Glacier Palace, Zermatt, Switzerland...
    ✗ Geocoding failed
  Geocoding: Sunnegga, Zermatt, Switzerland...
    ✗ Geocoding failed
  Geocoding: Rothorn, Zermatt, Switzerland...
    ✗ Geocoding failed
  Geocoding: Schwarzsee, Zermatt, Switzerland...
    ✗ Geocoding failed
  Geocoding: Riffelsee, Zermatt, Switzerland...
    ✗ Geocoding failed
  Geocoding: Matterhorn Museum, Zermatt, Switzerland...
    ✗ Geocoding failed
  Geocoding: Zermatt Village, Zermatt, Switzerland...
    ✗ Geocoding failed
  Geocoding: Five Lakes Walk, Zermatt, Switzerland...
    ✗ Geocoding failed
  Geocoding: Zermatt Glacier Trail, Zermatt, Switzerland...
    ✗ Geocoding failed
  Geocoding: Hinterdorf, Zermatt, Switzerland...
    ✗ Geocoding failed

Processing: SzekesfehervarAttractions.swift
  Geocoding: Garden of Ruins, Szekesfehervar, Hungary...
    ✗ Geocoding failed
  Geocoding: Coronation Church Site, Szekesfehervar, Hungary...
    ✗ Geocoding failed
  Geocoding: King Stephen Museum, Szekesfehervar, Hungary...
    ✗ Geocoding failed
  Geocoding: Bory Castle, Szekesfehervar, Hungary...
    ✗ Geocoding failed
  Geocoding: St. Stephen Cathedral, Szekesfehervar, Hungary...
    ✗ Geocoding failed
  Geocoding: Black Eagle Pharmacy Museum, Szekesfehervar, Hungary...
    ✗ Geocoding failed
  Geocoding: Hiemer House, Szekesfehervar, Hungary...
    ✗ Geocoding failed

Processing: PecsAttractions.swift
  Geocoding: Early Christian Necropolis, Pecs, Hungary...
    ✗ Geocoding failed
  Geocoding: Pécs Cathedral, Pecs, Hungary...
    ✗ Geocoding failed
  Geocoding: Bishop's Palace, Pecs, Hungary...
    ✗ Geocoding failed
  Geocoding: Cella Septichora, Pecs, Hungary...
    ✗ Geocoding failed
  Geocoding: Széchenyi Square, Pecs, Hungary...
    ✗ Geocoding failed
  Geocoding: Mosque of Pasha Qasim, Pecs, Hungary...
    ✗ Geocoding failed
  Geocoding: Zsolnay Cultural Quarter, Pecs, Hungary...
    ✗ Geocoding failed
  Geocoding: Zsolnay Fountain, Pecs, Hungary...
    ✗ Geocoding failed
  Geocoding: Vasarely Museum, Pecs, Hungary...
    ✗ Geocoding failed
  Geocoding: Csontváry Museum, Pecs, Hungary...
    ✗ Geocoding failed
  Geocoding: Janus Pannonius Museum, Pecs, Hungary...
    ✗ Geocoding failed
  Geocoding: Barbican, Pecs, Hungary...
    ✗ Geocoding failed
  Geocoding: City Walls, Pecs, Hungary...
    ✗ Geocoding failed
  Geocoding: Jakovali Hassan Mosque, Pecs, Hungary...
    ✗ Geocoding failed
  Geocoding: Idris Baba Türbe, Pecs, Hungary...
    ✗ Geocoding failed
  Geocoding: TV Tower, Pecs, Hungary...
    ✗ Geocoding failed
  Geocoding: Mecsek Hills, Pecs, Hungary...
    ✗ Geocoding failed

Processing: HollokoAttractions.swift
  Geocoding: Hollókő Village, Holloko, Hungary...
    ✗ Geocoding failed
  Geocoding: Traditional Houses, Holloko, Hungary...
    ✗ Geocoding failed
  Geocoding: Hollókő Castle, Holloko, Hungary...
    ✗ Geocoding failed
  Geocoding: Village Museum, Holloko, Hungary...
    ✗ Geocoding failed
  Geocoding: Palóc Weaving House, Holloko, Hungary...
    ✗ Geocoding failed

Processing: VeszpremAttractions.swift
  Geocoding: Castle District, Veszprem, Hungary...
    ✗ Geocoding failed
  Geocoding: Heroes' Gate, Veszprem, Hungary...
    ✗ Geocoding failed
  Geocoding: Gizella Chapel, Veszprem, Hungary...
    ✗ Geocoding failed
  Geocoding: Fire Lookout Tower, Veszprem, Hungary...
    ✗ Geocoding failed
  Geocoding: Veszprém Zoo, Veszprem, Hungary...
    ✗ Geocoding failed
  Geocoding: Queen's House, Veszprem, Hungary...
    ✗ Geocoding failed
  Geocoding: Óváros Square, Veszprem, Hungary...
    ✗ Geocoding failed

Processing: AggtelekAttractions.swift
  Geocoding: Baradla Cave, Aggtelek, Hungary...
    ✗ Geocoding failed
  Geocoding: Concert Hall Cave, Aggtelek, Hungary...
    ✗ Geocoding failed
  Geocoding: Domica Cave, Aggtelek, Hungary...
    ✗ Geocoding failed

Processing: EsztergomAttractions.swift
  Geocoding: Esztergom Basilica, Esztergom, Hungary...
    ✗ Geocoding failed
  Geocoding: Basilica Treasury, Esztergom, Hungary...
    ✗ Geocoding failed
  Geocoding: Basilica Crypt, Esztergom, Hungary...
    ✗ Geocoding failed
  Geocoding: Cupola Viewpoint, Esztergom, Hungary...
    ✗ Geocoding failed
  Geocoding: Castle Museum, Esztergom, Hungary...
    ✗ Geocoding failed
  Geocoding: Royal Chapel, Esztergom, Hungary...
    ✗ Geocoding failed
  Geocoding: Víziváros, Esztergom, Hungary...
    ✗ Geocoding failed
  Geocoding: Christian Museum, Esztergom, Hungary...
    ✗ Geocoding failed
  Geocoding: Mária Valéria Bridge, Esztergom, Hungary...
    ✗ Geocoding failed
  Geocoding: Primate's Palace, Esztergom, Hungary...
    ✗ Geocoding failed
  Geocoding: Dark Gate, Esztergom, Hungary...
    ✗ Geocoding failed

Processing: KeszthelyAttractions.swift
  Geocoding: Festetics Palace, Keszthely, Hungary...
    ✗ Geocoding failed
  Geocoding: Helikon Library, Keszthely, Hungary...
    ✗ Geocoding failed
  Geocoding: Balaton Museum, Keszthely, Hungary...
    ✗ Geocoding failed
  Geocoding: Hévíz Thermal Lake, Keszthely, Hungary...
    ✗ Geocoding failed

Processing: KecskemetAttractions.swift
  Geocoding: Main Square, Kecskemet, Hungary...
    ✗ Geocoding failed
  Geocoding: Town Hall, Kecskemet, Hungary...
    ✗ Geocoding failed
  Geocoding: Cifra Palace, Kecskemet, Hungary...
    ✗ Geocoding failed
  Geocoding: József Katona Theatre, Kecskemet, Hungary...
    ✗ Geocoding failed
  Geocoding: Hungarian Photography Museum, Kecskemet, Hungary...
    ✗ Geocoding failed
  Geocoding: Toy Museum, Kecskemet, Hungary...
    ✗ Geocoding failed
  Geocoding: Zwack Pálinka Distillery, Kecskemet, Hungary...
    ✗ Geocoding failed
  Geocoding: Kecskemét Arboretum, Kecskemet, Hungary...
    ✗ Geocoding failed

Processing: FertodAttractions.swift
  Geocoding: Esterházy Palace, Fertod, Hungary...
    ✗ Geocoding failed
  Geocoding: Baroque Gardens, Fertod, Hungary...
    ✗ Geocoding failed
  Geocoding: Music Room, Fertod, Hungary...
    ✗ Geocoding failed
  Geocoding: Marionette Theatre, Fertod, Hungary...
    ✗ Geocoding failed

Processing: VacAttractions.swift
  Geocoding: Triumphal Arch, Vac, Hungary...
    ✗ Geocoding failed
  Geocoding: Cathedral of Vác, Vac, Hungary...
    ✗ Geocoding failed
  Geocoding: Main Square, Vac, Hungary...
    ✗ Geocoding failed
  Geocoding: Memento Mori Exhibition, Vac, Hungary...
    ✗ Geocoding failed
  Geocoding: Danube Promenade, Vac, Hungary...
    ✗ Geocoding failed
  Geocoding: Church of the White Friars, Vac, Hungary...
    ✗ Geocoding failed

Processing: GyulaAttractions.swift
  Geocoding: Gyula Castle, Gyula, Hungary...
    ✗ Geocoding failed
  Geocoding: Castle Bath, Gyula, Hungary...
    ✗ Geocoding failed
  Geocoding: Almásy Castle, Gyula, Hungary...
    ✗ Geocoding failed
  Geocoding: Erkel Ferenc Museum, Gyula, Hungary...
    ✗ Geocoding failed
  Geocoding: Hundred-Year-Old Bakery, Gyula, Hungary...
    ✗ Geocoding failed

Processing: SzegedAttractions.swift
  Geocoding: Votive Church, Szeged, Hungary...
    ✗ Geocoding failed
  Geocoding: Dom Square, Szeged, Hungary...
    ✗ Geocoding failed
  Geocoding: Szeged Open-Air Festival Venue, Szeged, Hungary...
    ✗ Geocoding failed
  Geocoding: Reök Palace, Szeged, Hungary...
    ✗ Geocoding failed
  Geocoding: Móra Ferenc Museum, Szeged, Hungary...
    ✗ Geocoding failed
  Geocoding: Anna Baths, Szeged, Hungary...
    ✗ Geocoding failed
  Geocoding: Dugonics Square, Szeged, Hungary...
    ✗ Geocoding failed
  Geocoding: New Synagogue, Szeged, Hungary...
    ✗ Geocoding failed
  Geocoding: Old Synagogue, Szeged, Hungary...
    ✗ Geocoding failed
  Geocoding: Heroes' Gate, Szeged, Hungary...
    ✗ Geocoding failed
  Geocoding: Town Hall, Szeged, Hungary...
    ✗ Geocoding failed
  Geocoding: Pick Salami Museum, Szeged, Hungary...
    ✗ Geocoding failed
  Geocoding: Tisza River, Szeged, Hungary...
    ✗ Geocoding failed
  Geocoding: Szeged Zoo, Szeged, Hungary...
    ✗ Geocoding failed

Processing: BudapestAttractions.swift
  Geocoding: Buda Castle, Budapest, Hungary...
    ✗ Geocoding failed
  Geocoding: Royal Palace, Budapest, Hungary...
    ✗ Geocoding failed
  Geocoding: Hungarian National Gallery, Budapest, Hungary...
    ✗ Geocoding failed
  Geocoding: Budapest History Museum, Budapest, Hungary...
    ✗ Geocoding failed
  Geocoding: Castle Garden Bazaar, Budapest, Hungary...
    ✗ Geocoding failed
  Geocoding: Fisherman's Bastion, Budapest, Hungary...
    ✗ Geocoding failed
  Geocoding: Matthias Church, Budapest, Hungary...
    ✗ Geocoding failed
  Geocoding: Trinity Square, Budapest, Hungary...
    ✗ Geocoding failed
  Geocoding: Hospital in the Rock, Budapest, Hungary...
    ✗ Geocoding failed
  Geocoding: Labyrinth of Buda Castle, Budapest, Hungary...
    ✗ Geocoding failed
  Geocoding: Gellért Hill, Budapest, Hungary...
    ✗ Geocoding failed
  Geocoding: Citadella, Budapest, Hungary...
    ✗ Geocoding failed
  Geocoding: Liberty Statue, Budapest, Hungary...
    ✗ Geocoding failed
  Geocoding: Gellért Thermal Bath, Budapest, Hungary...
    ✗ Geocoding failed
  Geocoding: Hungarian Parliament Building, Budapest, Hungary...
    ✗ Geocoding failed
  Geocoding: Shoes on the Danube Bank, Budapest, Hungary...
    ✗ Geocoding failed
  Geocoding: Chain Bridge, Budapest, Hungary...
    ✗ Geocoding failed
  Geocoding: St. Stephen's Basilica, Budapest, Hungary...
    ✗ Geocoding failed
  Geocoding: Hungarian State Opera House, Budapest, Hungary...
    ✗ Geocoding failed
  Geocoding: Andrássy Avenue, Budapest, Hungary...
    ✗ Geocoding failed
  Geocoding: Heroes' Square, Budapest, Hungary...
    ✗ Geocoding failed
  Geocoding: Millennium Monument, Budapest, Hungary...
    ✗ Geocoding failed
  Geocoding: Museum of Fine Arts, Budapest, Hungary...
    ✗ Geocoding failed
  Geocoding: House of Terror, Budapest, Hungary...
    ✗ Geocoding failed
  Geocoding: Franz Liszt Memorial Museum, Budapest, Hungary...
    ✗ Geocoding failed
  Geocoding: City Park, Budapest, Hungary...
    ✗ Geocoding failed
  Geocoding: Vajdahunyad Castle, Budapest, Hungary...
    ✗ Geocoding failed
  Geocoding: Széchenyi Thermal Bath, Budapest, Hungary...
    ✗ Geocoding failed
  Geocoding: Budapest Zoo, Budapest, Hungary...
    ✗ Geocoding failed
  Geocoding: Hungarian Agricultural Museum, Budapest, Hungary...
    ✗ Geocoding failed
  Geocoding: Margaret Island, Budapest, Hungary...
    ✗ Geocoding failed
  Geocoding: Palatinus Strand, Budapest, Hungary...
    ✗ Geocoding failed
  Geocoding: Japanese Garden, Budapest, Hungary...
    ✗ Geocoding failed
  Geocoding: Musical Fountain, Budapest, Hungary...
    ✗ Geocoding failed
  Geocoding: Central Market Hall, Budapest, Hungary...
    ✗ Geocoding failed
  Geocoding: Váci Street, Budapest, Hungary...
    ✗ Geocoding failed
  Geocoding: Vörösmarty Square, Budapest, Hungary...
    ✗ Geocoding failed
  Geocoding: Gerbeaud Café, Budapest, Hungary...
    ✗ Geocoding failed
  Geocoding: Dohány Street Synagogue, Budapest, Hungary...
    ✗ Geocoding failed
  Geocoding: Jewish Quarter, Budapest, Hungary...
    ✗ Geocoding failed
  Geocoding: Ruin Bars, Budapest, Hungary...
    ✗ Geocoding failed
  Geocoding: Hungarian National Museum, Budapest, Hungary...
    ✗ Geocoding failed
  Geocoding: Applied Arts Museum, Budapest, Hungary...
    ✗ Geocoding failed
  Geocoding: Danube Promenade, Budapest, Hungary...
    ✗ Geocoding failed
  Geocoding: Elisabeth Bridge, Budapest, Hungary...
    ✗ Geocoding failed
  Geocoding: Liberty Bridge, Budapest, Hungary...
    ✗ Geocoding failed
  Geocoding: Rudas Thermal Bath, Budapest, Hungary...
    ✗ Geocoding failed
  Geocoding: Király Thermal Bath, Budapest, Hungary...
    ✗ Geocoding failed
  Geocoding: Lukács Thermal Bath, Budapest, Hungary...
    ✗ Geocoding failed
  Geocoding: Aquincum Roman Ruins, Budapest, Hungary...
    ✗ Geocoding failed
  Geocoding: Óbuda, Budapest, Hungary...
    ✗ Geocoding failed
  Geocoding: Pálvölgyi Cave, Budapest, Hungary...
    ✗ Geocoding failed
  Geocoding: Szemlő-hegyi Cave, Budapest, Hungary...
    ✗ Geocoding failed
  Geocoding: Memento Park, Budapest, Hungary...
    ✗ Geocoding failed
  Geocoding: Hungarian Railway Museum, Budapest, Hungary...
    ✗ Geocoding failed
  Geocoding: Tropicarium, Budapest, Hungary...
    ✗ Geocoding failed
  Geocoding: Children's Railway, Budapest, Hungary...
    ✗ Geocoding failed
  Geocoding: Elisabeth Lookout Tower, Budapest, Hungary...
    ✗ Geocoding failed
  Geocoding: Normafa, Budapest, Hungary...
    ✗ Geocoding failed
  Geocoding: Buda Hills, Budapest, Hungary...
    ✗ Geocoding failed

Processing: PannonhalmaAttractions.swift
  Geocoding: Pannonhalma Archabbey, Pannonhalma, Hungary...
    ✗ Geocoding failed
  Geocoding: Abbey Library, Pannonhalma, Hungary...
    ✗ Geocoding failed
  Geocoding: Abbey Arboretum, Pannonhalma, Hungary...
    ✗ Geocoding failed
  Geocoding: Abbey Winery, Pannonhalma, Hungary...
    ✗ Geocoding failed

Processing: SzentendreAttractions.swift
  Geocoding: Main Square, Szentendre, Hungary...
    ✗ Geocoding failed
  Geocoding: Blagovestenska Church, Szentendre, Hungary...
    ✗ Geocoding failed
  Geocoding: Margit Kovács Museum, Szentendre, Hungary...
    ✗ Geocoding failed
  Geocoding: Marzipan Museum, Szentendre, Hungary...
    ✗ Geocoding failed
  Geocoding: Hungarian Open Air Museum, Szentendre, Hungary...
    ✗ Geocoding failed
  Geocoding: Barcsay Collection, Szentendre, Hungary...
    ✗ Geocoding failed
  Geocoding: Serbian Orthodox Church, Szentendre, Hungary...
    ✗ Geocoding failed
  Geocoding: Ferenczy Museum, Szentendre, Hungary...
    ✗ Geocoding failed
  Geocoding: Art Galleries, Szentendre, Hungary...
    ✗ Geocoding failed
  Geocoding: Wine Museum, Szentendre, Hungary...
    ✗ Geocoding failed

Processing: DebrecenAttractions.swift
  Geocoding: Great Reformed Church, Debrecen, Hungary...
    ✗ Geocoding failed
  Geocoding: Déri Museum, Debrecen, Hungary...
    ✗ Geocoding failed
  Geocoding: Déri Square, Debrecen, Hungary...
    ✗ Geocoding failed
  Geocoding: Reformed College, Debrecen, Hungary...
    ✗ Geocoding failed
  Geocoding: Oratory Library, Debrecen, Hungary...
    ✗ Geocoding failed
  Geocoding: Great Forest, Debrecen, Hungary...
    ✗ Geocoding failed
  Geocoding: Aquaticum Spa, Debrecen, Hungary...
    ✗ Geocoding failed
  Geocoding: Debrecen Zoo, Debrecen, Hungary...
    ✗ Geocoding failed
  Geocoding: MODEM Modern Art Museum, Debrecen, Hungary...
    ✗ Geocoding failed
  Geocoding: Timár House, Debrecen, Hungary...
    ✗ Geocoding failed
  Geocoding: Old City Hall, Debrecen, Hungary...
    ✗ Geocoding failed
  Geocoding: Hortobágy National Park, Debrecen, Hungary...
    ✗ Geocoding failed
  Geocoding: Nine-Arched Bridge, Debrecen, Hungary...
    ✗ Geocoding failed
  Geocoding: Hortobágy Inn, Debrecen, Hungary...
    ✗ Geocoding failed
  Geocoding: Puszta Horse Shows, Debrecen, Hungary...
    ✗ Geocoding failed

Processing: SopronAttractions.swift
  Geocoding: Fire Tower, Sopron, Hungary...
    ✗ Geocoding failed
  Geocoding: Main Square, Sopron, Hungary...
    ✗ Geocoding failed
  Geocoding: Goat Church, Sopron, Hungary...
    ✗ Geocoding failed
  Geocoding: Storno House, Sopron, Hungary...
    ✗ Geocoding failed
  Geocoding: Fabricius House, Sopron, Hungary...
    ✗ Geocoding failed
  Geocoding: Old Synagogue, Sopron, Hungary...
    ✗ Geocoding failed
  Geocoding: Lővérek Hills, Sopron, Hungary...
    ✗ Geocoding failed
  Geocoding: Károly Lookout Tower, Sopron, Hungary...
    ✗ Geocoding failed
  Geocoding: Lake Fertő, Sopron, Hungary...
    ✗ Geocoding failed

Processing: TihanyAttractions.swift
  Geocoding: Tihany Abbey, Tihany, Hungary...
    ✗ Geocoding failed
  Geocoding: Echo Hill, Tihany, Hungary...
    ✗ Geocoding failed
  Geocoding: Lavender Fields, Tihany, Hungary...
    ✗ Geocoding failed
  Geocoding: Open-Air Museum, Tihany, Hungary...
    ✗ Geocoding failed
  Geocoding: Inner Lake, Tihany, Hungary...
    ✗ Geocoding failed

Processing: VisegradAttractions.swift
  Geocoding: Visegrád Citadel, Visegrad, Hungary...
    ✗ Geocoding failed
  Geocoding: Royal Palace, Visegrad, Hungary...
    ✗ Geocoding failed
  Geocoding: Solomon Tower, Visegrad, Hungary...
    ✗ Geocoding failed
  Geocoding: Danube Bend Views, Visegrad, Hungary...
    ✗ Geocoding failed
  Geocoding: Bob Track, Visegrad, Hungary...
    ✗ Geocoding failed
  Geocoding: Canopy Walkway, Visegrad, Hungary...
    ✗ Geocoding failed

Processing: BadacsonyAttractions.swift
  Geocoding: Badacsony Wine Region, Badacsony, Hungary...
    ✗ Geocoding failed
  Geocoding: Basalt Columns, Badacsony, Hungary...
    ✗ Geocoding failed
  Geocoding: Badacsony Mountain, Badacsony, Hungary...
    ✗ Geocoding failed
  Geocoding: Rose Stone, Badacsony, Hungary...
    ✗ Geocoding failed

Processing: SiofokAttractions.swift
  Geocoding: Golden Beach, Siofok, Hungary...
    ✗ Geocoding failed
  Geocoding: Siófok Water Tower, Siofok, Hungary...
    ✗ Geocoding failed
  Geocoding: Imre Kálmán Memorial House, Siofok, Hungary...
    ✗ Geocoding failed

Processing: KalocsaAttractions.swift
  Geocoding: Archbishop's Palace, Kalocsa, Hungary...
    ✗ Geocoding failed
  Geocoding: Kalocsa Cathedral, Kalocsa, Hungary...
    ✗ Geocoding failed
  Geocoding: Paprika Museum, Kalocsa, Hungary...
    ✗ Geocoding failed
  Geocoding: Embroidery Workshop, Kalocsa, Hungary...
    ✗ Geocoding failed
  Geocoding: Viski Károly Museum, Kalocsa, Hungary...
    ✗ Geocoding failed

Processing: EgerAttractions.swift
  Geocoding: Eger Castle, Eger, Hungary...
    ✗ Geocoding failed
  Geocoding: Minaret of Eger, Eger, Hungary...
    ✗ Geocoding failed
  Geocoding: Lyceum, Eger, Hungary...
    ✗ Geocoding failed
  Geocoding: Camera Obscura, Eger, Hungary...
    ✗ Geocoding failed
  Geocoding: Astronomical Museum, Eger, Hungary...
    ✗ Geocoding failed
  Geocoding: Basilica of Eger, Eger, Hungary...
    ✗ Geocoding failed
  Geocoding: Dobó Square, Eger, Hungary...
    ✗ Geocoding failed
  Geocoding: Archbishop's Palace, Eger, Hungary...
    ✗ Geocoding failed
  Geocoding: Valley of the Beautiful Women, Eger, Hungary...
    ✗ Geocoding failed
  Geocoding: Turkish Bath, Eger, Hungary...
    ✗ Geocoding failed
  Geocoding: Eger Thermal Bath, Eger, Hungary...
    ✗ Geocoding failed
  Geocoding: Kopcsik Marzipan Museum, Eger, Hungary...
    ✗ Geocoding failed

Processing: MiskolcAttractions.swift
  Geocoding: Cave Bath, Miskolc, Hungary...
    ✗ Geocoding failed
  Geocoding: Lillafüred, Miskolc, Hungary...
    ✗ Geocoding failed
  Geocoding: Anna Cave, Miskolc, Hungary...
    ✗ Geocoding failed
  Geocoding: István Cave, Miskolc, Hungary...
    ✗ Geocoding failed
  Geocoding: Hanging Gardens, Miskolc, Hungary...
    ✗ Geocoding failed
  Geocoding: Palace Hotel, Miskolc, Hungary...
    ✗ Geocoding failed
  Geocoding: Diósgyőr Castle, Miskolc, Hungary...
    ✗ Geocoding failed
  Geocoding: Avas Hill, Miskolc, Hungary...
    ✗ Geocoding failed
  Geocoding: Otto Herman Museum, Miskolc, Hungary...
    ✗ Geocoding failed
  Geocoding: Minorite Church, Miskolc, Hungary...
    ✗ Geocoding failed
  Geocoding: Bükk National Park, Miskolc, Hungary...
    ✗ Geocoding failed

Processing: TokajAttractions.swift
  Geocoding: Tokaj Wine Region, Tokaj, Hungary...
    ✗ Geocoding failed
  Geocoding: Rákóczi Cellar, Tokaj, Hungary...
    ✗ Geocoding failed
  Geocoding: Tokaj Museum, Tokaj, Hungary...
    ✗ Geocoding failed
  Geocoding: Great Synagogue, Tokaj, Hungary...
    ✗ Geocoding failed
  Geocoding: Tokaj Hill, Tokaj, Hungary...
    ✗ Geocoding failed
  Geocoding: Bodrog River Confluence, Tokaj, Hungary...
    ✗ Geocoding failed

Processing: GyorAttractions.swift
  Geocoding: Basilica of Győr, Gyor, Hungary...
    ✗ Geocoding failed
  Geocoding: Cathedral Treasury, Gyor, Hungary...
    ✗ Geocoding failed
  Geocoding: Széchenyi Square, Gyor, Hungary...
    ✗ Geocoding failed
  Geocoding: Ark of the Covenant Statue, Gyor, Hungary...
    ✗ Geocoding failed
  Geocoding: Bishop's Castle, Gyor, Hungary...
    ✗ Geocoding failed
  Geocoding: Carmelite Church, Gyor, Hungary...
    ✗ Geocoding failed
  Geocoding: Benedictine Church, Gyor, Hungary...
    ✗ Geocoding failed
  Geocoding: Rába Quelle Thermal Bath, Gyor, Hungary...
    ✗ Geocoding failed
  Geocoding: Iron Rooster House, Gyor, Hungary...
    ✗ Geocoding failed
  Geocoding: Esterházy Palace, Gyor, Hungary...
    ✗ Geocoding failed
  Geocoding: János Xantus Museum, Gyor, Hungary...
    ✗ Geocoding failed
  Geocoding: Rába River Confluence, Gyor, Hungary...
    ✗ Geocoding failed
  Geocoding: Baross Gábor Street, Gyor, Hungary...
    ✗ Geocoding failed

Processing: BalatonfuredAttractions.swift
  Geocoding: Tagore Promenade, Balatonfured, Hungary...
    ✗ Geocoding failed
  Geocoding: Jókai Memorial House, Balatonfured, Hungary...
    ✗ Geocoding failed
  Geocoding: Round Church, Balatonfured, Hungary...
    ✗ Geocoding failed
  Geocoding: State Heart Hospital, Balatonfured, Hungary...
    ✗ Geocoding failed

============================================================
TOTAL FIXED: 0 attractions
============================================================
